Archive member included to satisfy reference by file (symbol)

e:/stm32_toolchain/gcc-arm-none-eabi-10.3-2021.10/bin/../lib/gcc/arm-none-eabi/10.3.1/../../../../arm-none-eabi/lib/thumb/v7-m/nofp\libg_nano.a(lib_a-exit.o)
                              e:/stm32_toolchain/gcc-arm-none-eabi-10.3-2021.10/bin/../lib/gcc/arm-none-eabi/10.3.1/../../../../arm-none-eabi/lib/thumb/v7-m/nofp/crt0.o (exit)
e:/stm32_toolchain/gcc-arm-none-eabi-10.3-2021.10/bin/../lib/gcc/arm-none-eabi/10.3.1/../../../../arm-none-eabi/lib/thumb/v7-m/nofp\libg_nano.a(lib_a-impure.o)
                              e:/stm32_toolchain/gcc-arm-none-eabi-10.3-2021.10/bin/../lib/gcc/arm-none-eabi/10.3.1/../../../../arm-none-eabi/lib/thumb/v7-m/nofp\libg_nano.a(lib_a-exit.o) (_global_impure_ptr)
e:/stm32_toolchain/gcc-arm-none-eabi-10.3-2021.10/bin/../lib/gcc/arm-none-eabi/10.3.1/../../../../arm-none-eabi/lib/thumb/v7-m/nofp\libg_nano.a(lib_a-init.o)
                              e:/stm32_toolchain/gcc-arm-none-eabi-10.3-2021.10/bin/../lib/gcc/arm-none-eabi/10.3.1/../../../../arm-none-eabi/lib/thumb/v7-m/nofp/crt0.o (__libc_init_array)
e:/stm32_toolchain/gcc-arm-none-eabi-10.3-2021.10/bin/../lib/gcc/arm-none-eabi/10.3.1/../../../../arm-none-eabi/lib/thumb/v7-m/nofp\libg_nano.a(lib_a-memcpy-stub.o)
                              CMakeFiles/vscodeSTM32.elf.dir/freertos/queue.c.obj (memcpy)
e:/stm32_toolchain/gcc-arm-none-eabi-10.3-2021.10/bin/../lib/gcc/arm-none-eabi/10.3.1/../../../../arm-none-eabi/lib/thumb/v7-m/nofp\libg_nano.a(lib_a-memset.o)
                              e:/stm32_toolchain/gcc-arm-none-eabi-10.3-2021.10/bin/../lib/gcc/arm-none-eabi/10.3.1/../../../../arm-none-eabi/lib/thumb/v7-m/nofp/crt0.o (memset)
e:/stm32_toolchain/gcc-arm-none-eabi-10.3-2021.10/bin/../lib/gcc/arm-none-eabi/10.3.1/../../../../arm-none-eabi/lib/thumb/v7-m/nofp\libg_nano.a(lib_a-nano-vfprintf_float.o)
                              (_printf_float)
e:/stm32_toolchain/gcc-arm-none-eabi-10.3-2021.10/bin/../lib/gcc/arm-none-eabi/10.3.1/../../../../arm-none-eabi/lib/thumb/v7-m/nofp\libg_nano.a(lib_a-nano-vfprintf_i.o)
                              e:/stm32_toolchain/gcc-arm-none-eabi-10.3-2021.10/bin/../lib/gcc/arm-none-eabi/10.3.1/../../../../arm-none-eabi/lib/thumb/v7-m/nofp\libg_nano.a(lib_a-nano-vfprintf_float.o) (_printf_common)
e:/stm32_toolchain/gcc-arm-none-eabi-10.3-2021.10/bin/../lib/gcc/arm-none-eabi/10.3.1/../../../../arm-none-eabi/lib/thumb/v7-m/nofp\libg_nano.a(lib_a-puts.o)
                              CMakeFiles/vscodeSTM32.elf.dir/user/main.c.obj (puts)
e:/stm32_toolchain/gcc-arm-none-eabi-10.3-2021.10/bin/../lib/gcc/arm-none-eabi/10.3.1/../../../../arm-none-eabi/lib/thumb/v7-m/nofp\libg_nano.a(lib_a-strlen.o)
                              e:/stm32_toolchain/gcc-arm-none-eabi-10.3-2021.10/bin/../lib/gcc/arm-none-eabi/10.3.1/../../../../arm-none-eabi/lib/thumb/v7-m/nofp\libg_nano.a(lib_a-nano-vfprintf_float.o) (strlen)
e:/stm32_toolchain/gcc-arm-none-eabi-10.3-2021.10/bin/../lib/gcc/arm-none-eabi/10.3.1/../../../../arm-none-eabi/lib/thumb/v7-m/nofp\libg_nano.a(lib_a-wbuf.o)
                              e:/stm32_toolchain/gcc-arm-none-eabi-10.3-2021.10/bin/../lib/gcc/arm-none-eabi/10.3.1/../../../../arm-none-eabi/lib/thumb/v7-m/nofp\libg_nano.a(lib_a-puts.o) (__swbuf_r)
e:/stm32_toolchain/gcc-arm-none-eabi-10.3-2021.10/bin/../lib/gcc/arm-none-eabi/10.3.1/../../../../arm-none-eabi/lib/thumb/v7-m/nofp\libg_nano.a(lib_a-wsetup.o)
                              e:/stm32_toolchain/gcc-arm-none-eabi-10.3-2021.10/bin/../lib/gcc/arm-none-eabi/10.3.1/../../../../arm-none-eabi/lib/thumb/v7-m/nofp\libg_nano.a(lib_a-puts.o) (__swsetup_r)
e:/stm32_toolchain/gcc-arm-none-eabi-10.3-2021.10/bin/../lib/gcc/arm-none-eabi/10.3.1/../../../../arm-none-eabi/lib/thumb/v7-m/nofp\libg_nano.a(lib_a-dtoa.o)
                              e:/stm32_toolchain/gcc-arm-none-eabi-10.3-2021.10/bin/../lib/gcc/arm-none-eabi/10.3.1/../../../../arm-none-eabi/lib/thumb/v7-m/nofp\libg_nano.a(lib_a-nano-vfprintf_float.o) (_dtoa_r)
e:/stm32_toolchain/gcc-arm-none-eabi-10.3-2021.10/bin/../lib/gcc/arm-none-eabi/10.3.1/../../../../arm-none-eabi/lib/thumb/v7-m/nofp\libg_nano.a(lib_a-fflush.o)
                              e:/stm32_toolchain/gcc-arm-none-eabi-10.3-2021.10/bin/../lib/gcc/arm-none-eabi/10.3.1/../../../../arm-none-eabi/lib/thumb/v7-m/nofp\libg_nano.a(lib_a-wbuf.o) (_fflush_r)
e:/stm32_toolchain/gcc-arm-none-eabi-10.3-2021.10/bin/../lib/gcc/arm-none-eabi/10.3.1/../../../../arm-none-eabi/lib/thumb/v7-m/nofp\libg_nano.a(lib_a-findfp.o)
                              e:/stm32_toolchain/gcc-arm-none-eabi-10.3-2021.10/bin/../lib/gcc/arm-none-eabi/10.3.1/../../../../arm-none-eabi/lib/thumb/v7-m/nofp\libg_nano.a(lib_a-puts.o) (__sinit)
e:/stm32_toolchain/gcc-arm-none-eabi-10.3-2021.10/bin/../lib/gcc/arm-none-eabi/10.3.1/../../../../arm-none-eabi/lib/thumb/v7-m/nofp\libg_nano.a(lib_a-fwalk.o)
[...]
Memory Configuration

Name             Origin             Length             Attributes
RAM              0x20000000         0x00010000         xrw
FLASH            0x08000000         0x00080000         xr
*default*        0x00000000         0xffffffff

Linker script and memory map

LOAD e:/stm32_toolchain/gcc-arm-none-eabi-10.3-2021.10/bin/../lib/gcc/arm-none-eabi/10.3.1/thumb/v7-m/nofp/crti.o
LOAD e:/stm32_toolchain/gcc-arm-none-eabi-10.3-2021.10/bin/../lib/gcc/arm-none-eabi/10.3.1/thumb/v7-m/nofp/crtbegin.o
LOAD e:/stm32_toolchain/gcc-arm-none-eabi-10.3-2021.10/bin/../lib/gcc/arm-none-eabi/10.3.1/../../../../arm-none-eabi/lib/thumb/v7-m/nofp/crt0.o
LOAD CMakeFiles/vscodeSTM32.elf.dir/freertos/croutine.c.obj
LOAD CMakeFiles/vscodeSTM32.elf.dir/freertos/event_groups.c.obj
LOAD CMakeFiles/vscodeSTM32.elf.dir/freertos/list.c.obj
LOAD CMakeFiles/vscodeSTM32.elf.dir/freertos/portable/GCC/ARM_CM3/port.c.obj
LOAD CMakeFiles/vscodeSTM32.elf.dir/freertos/portable/MemMang/heap_4.c.obj
LOAD CMakeFiles/vscodeSTM32.elf.dir/freertos/queue.c.obj
LOAD CMakeFiles/vscodeSTM32.elf.dir/freertos/stream_buffer.c.obj
LOAD CMakeFiles/vscodeSTM32.elf.dir/freertos/tasks.c.obj
LOAD CMakeFiles/vscodeSTM32.elf.dir/freertos/timers.c.obj
LOAD CMakeFiles/vscodeSTM32.elf.dir/fwlib/CMSIS/core_cm3.c.obj
LOAD CMakeFiles/vscodeSTM32.elf.dir/fwlib/CMSIS/system_stm32f10x.c.obj
LOAD CMakeFiles/vscodeSTM32.elf.dir/fwlib/STM32F10x_StdPeriph_Driver/src/misc.c.obj
LOAD CMakeFiles/vscodeSTM32.elf.dir/fwlib/STM32F10x_StdPeriph_Driver/src/stm32f10x_adc.c.obj
LOAD CMakeFiles/vscodeSTM32.elf.dir/fwlib/STM32F10x_StdPeriph_Driver/src/stm32f10x_bkp.c.obj
LOAD CMakeFiles/vscodeSTM32.elf.dir/fwlib/STM32F10x_StdPeriph_Driver/src/stm32f10x_can.c.obj
LOAD CMakeFiles/vscodeSTM32.elf.dir/fwlib/STM32F10x_StdPeriph_Driver/src/stm32f10x_cec.c.obj
LOAD CMakeFiles/vscodeSTM32.elf.dir/fwlib/STM32F10x_StdPeriph_Driver/src/stm32f10x_crc.c.obj
LOAD CMakeFiles/vscodeSTM32.elf.dir/fwlib/STM32F10x_StdPeriph_Driver/src/stm32f10x_dac.c.obj
LOAD CMakeFiles/vscodeSTM32.elf.dir/fwlib/STM32F10x_StdPeriph_Driver/src/stm32f10x_dbgmcu.c.obj
LOAD CMakeFiles/vscodeSTM32.elf.dir/fwlib/STM32F10x_StdPeriph_Driver/src/stm32f10x_dma.c.obj
LOAD CMakeFiles/vscodeSTM32.elf.dir/fwlib/STM32F10x_StdPeriph_Driver/src/stm32f10x_exti.c.obj
LOAD CMakeFiles/vscodeSTM32.elf.dir/fwlib/STM32F10x_StdPeriph_Driver/src/stm32f10x_flash.c.obj
LOAD CMakeFiles/vscodeSTM32.elf.dir/fwlib/STM32F10x_StdPeriph_Driver/src/stm32f10x_fsmc.c.obj
LOAD CMakeFiles/vscodeSTM32.elf.dir/fwlib/STM32F10x_StdPeriph_Driver/src/stm32f10x_gpio.c.obj
LOAD CMakeFiles/vscodeSTM32.elf.dir/fwlib/STM32F10x_StdPeriph_Driver/src/stm32f10x_i2c.c.obj
LOAD CMakeFiles/vscodeSTM32.elf.dir/fwlib/STM32F10x_StdPeriph_Driver/src/stm32f10x_iwdg.c.obj
LOAD CMakeFiles/vscodeSTM32.elf.dir/fwlib/STM32F10x_StdPeriph_Driver/src/stm32f10x_pwr.c.obj
LOAD CMakeFiles/vscodeSTM32.elf.dir/fwlib/STM32F10x_StdPeriph_Driver/src/stm32f10x_rcc.c.obj
LOAD CMakeFiles/vscodeSTM32.elf.dir/fwlib/STM32F10x_StdPeriph_Driver/src/stm32f10x_rtc.c.obj
LOAD CMakeFiles/vscodeSTM32.elf.dir/fwlib/STM32F10x_StdPeriph_Driver/src/stm32f10x_sdio.c.obj
LOAD CMakeFiles/vscodeSTM32.elf.dir/fwlib/STM32F10x_StdPeriph_Driver/src/stm32f10x_spi.c.obj
LOAD CMakeFiles/vscodeSTM32.elf.dir/fwlib/STM32F10x_StdPeriph_Driver/src/stm32f10x_tim.c.obj
LOAD CMakeFiles/vscodeSTM32.elf.dir/fwlib/STM32F10x_StdPeriph_Driver/src/stm32f10x_usart.c.obj
LOAD CMakeFiles/vscodeSTM32.elf.dir/fwlib/STM32F10x_StdPeriph_Driver/src/stm32f10x_wwdg.c.obj
LOAD CMakeFiles/vscodeSTM32.elf.dir/startup/startup_stm32f103zetx.s.obj
LOAD CMakeFiles/vscodeSTM32.elf.dir/user/bsp_usart.c.obj
LOAD CMakeFiles/vscodeSTM32.elf.dir/user/main.c.obj
LOAD CMakeFiles/vscodeSTM32.elf.dir/user/stm32f10x_it.c.obj
START GROUP
LOAD e:/stm32_toolchain/gcc-arm-none-eabi-10.3-2021.10/bin/../lib/gcc/arm-none-eabi/10.3.1/thumb/v7-m/nofp\libgcc.a
LOAD e:/stm32_toolchain/gcc-arm-none-eabi-10.3-2021.10/bin/../lib/gcc/arm-none-eabi/10.3.1/../../../../arm-none-eabi/lib/thumb/v7-m/nofp\libg_nano.a
LOAD e:/stm32_toolchain/gcc-arm-none-eabi-10.3-2021.10/bin/../lib/gcc/arm-none-eabi/10.3.1/../../../../arm-none-eabi/lib/thumb/v7-m/nofp\libc_nano.a
END GROUP
START GROUP
LOAD e:/stm32_toolchain/gcc-arm-none-eabi-10.3-2021.10/bin/../lib/gcc/arm-none-eabi/10.3.1/thumb/v7-m/nofp\libgcc.a
LOAD e:/stm32_toolchain/gcc-arm-none-eabi-10.3-2021.10/bin/../lib/gcc/arm-none-eabi/10.3.1/../../../../arm-none-eabi/lib/thumb/v7-m/nofp\libc_nano.a
LOAD e:/stm32_toolchain/gcc-arm-none-eabi-10.3-2021.10/bin/../lib/gcc/arm-none-eabi/10.3.1/../../../../arm-none-eabi/lib/thumb/v7-m/nofp\libnosys.a
END GROUP
START GROUP
LOAD e:/stm32_toolchain/gcc-arm-none-eabi-10.3-2021.10/bin/../lib/gcc/arm-none-eabi/10.3.1/thumb/v7-m/nofp\libgcc.a
LOAD e:/stm32_toolchain/gcc-arm-none-eabi-10.3-2021.10/bin/../lib/gcc/arm-none-eabi/10.3.1/../../../../arm-none-eabi/lib/thumb/v7-m/nofp\libc_nano.a
LOAD e:/stm32_toolchain/gcc-arm-none-eabi-10.3-2021.10/bin/../lib/gcc/arm-none-eabi/10.3.1/../../../../arm-none-eabi/lib/thumb/v7-m/nofp\libnosys.a
END GROUP
LOAD e:/stm32_toolchain/gcc-arm-none-eabi-10.3-2021.10/bin/../lib/gcc/arm-none-eabi/10.3.1/thumb/v7-m/nofp/crtend.o
LOAD e:/stm32_toolchain/gcc-arm-none-eabi-10.3-2021.10/bin/../lib/gcc/arm-none-eabi/10.3.1/thumb/v7-m/nofp/crtn.o
                0x20010000                _estack = (ORIGIN (RAM) + LENGTH (RAM))
                0x00000200                _Min_Heap_Size = 0x200
                0x00000400                _Min_Stack_Size = 0x400

.isr_vector     0x08000000      0x1e4
                0x08000000                . = ALIGN (0x4)
 *(.isr_vector)
 .isr_vector    0x08000000      0x1e4 CMakeFiles/vscodeSTM32.elf.dir/startup/startup_stm32f103zetx.s.obj
                0x08000000                g_pfnVectors
                0x080001e4                . = ALIGN (0x4)

.text           0x080001f0     0x4910
                0x080001f0                . = ALIGN (0x4)
 *(.text)
 .text          0x080001f0       0x40 e:/stm32_toolchain/gcc-arm-none-eabi-10.3-2021.10/bin/../lib/gcc/arm-none-eabi/10.3.1/thumb/v7-m/nofp/crtbegin.o
 .text          0x08000230       0x10 e:/stm32_toolchain/gcc-arm-none-eabi-10.3-2021.10/bin/../lib/gcc/arm-none-eabi/10.3.1/../../../../arm-none-eabi/lib/thumb/v7-m/nofp\libg_nano.a(lib_a-strlen.o)
                0x08000230                strlen
 .text          0x08000240      0x378 e:/stm32_toolchain/gcc-arm-none-eabi-10.3-2021.10/bin/../lib/gcc/arm-none-eabi/10.3.1/thumb/v7-m/nofp\libgcc.a(_arm_addsubdf3.o)
                0x08000240                __aeabi_drsub
                0x08000248                __aeabi_dsub
                0x08000248                __subdf3
                0x0800024c                __aeabi_dadd
                0x0800024c                __adddf3
                0x080004c4                __floatunsidf
                0x080004c4                __aeabi_ui2d
                0x080004e4                __floatsidf
                0x080004e4                __aeabi_i2d
                0x08000508                __aeabi_f2d
                0x08000508                __extendsfdf2
                0x0800054c                __floatundidf
                0x0800054c                __aeabi_ul2d
                0x0800055c                __floatdidf
                0x0800055c                __aeabi_l2d
 .text          0x080005b8      0x424 e:/stm32_toolchain/gcc-arm-none-eabi-10.3-2021.10/bin/../lib/gcc/arm-none-eabi/10.3.1/thumb/v7-m/nofp\libgcc.a(_arm_muldivdf3.o)
                0x080005b8                __aeabi_dmul
                0x080005b8                __muldf3
                0x0800080c                __divdf3
                0x0800080c                __aeabi_ddiv
 .text          0x080009dc      0x110 e:/stm32_toolchain/gcc-arm-none-eabi-10.3-2021.10/bin/../lib/gcc/arm-none-eabi/10.3.1/thumb/v7-m/nofp\libgcc.a(_arm_cmpdf2.o)
                0x080009dc                __gtdf2
                0x080009dc                __gedf2
                0x080009e4                __ltdf2
                0x080009e4                __ledf2
                0x080009ec                __nedf2
                0x080009ec                __eqdf2
                0x080009ec                __cmpdf2
                0x08000a68                __aeabi_cdrcmple
                0x08000a78                __aeabi_cdcmpeq
                0x08000a78                __aeabi_cdcmple
                0x08000a88                __aeabi_dcmpeq
                0x08000a9c                __aeabi_dcmplt
                0x08000ab0                __aeabi_dcmple
                0x08000ac4                __aeabi_dcmpge
                0x08000ad8                __aeabi_dcmpgt
 .text          0x08000aec       0x2c e:/stm32_toolchain/gcc-arm-none-eabi-10.3-2021.10/bin/../lib/gcc/arm-none-eabi/10.3.1/thumb/v7-m/nofp\libgcc.a(_arm_unorddf2.o)
                0x08000aec                __unorddf2
                0x08000aec                __aeabi_dcmpun
 .text          0x08000b18       0x50 e:/stm32_toolchain/gcc-arm-none-eabi-10.3-2021.10/bin/../lib/gcc/arm-none-eabi/10.3.1/thumb/v7-m/nofp\libgcc.a(_arm_fixdfsi.o)
                0x08000b18                __aeabi_d2iz
                0x08000b18                __fixdfsi
 *(.text*)
 .text.vListInitialise
                0x08000b68       0x16 CMakeFiles/vscodeSTM32.elf.dir/freertos/list.c.obj
                0x08000b68                vListInitialise
 .text.vListInitialiseItem
                0x08000b7e        0x6 CMakeFiles/vscodeSTM32.elf.dir/freertos/list.c.obj
                0x08000b7e                vListInitialiseItem
 .text.vListInsert
                0x08000b84       0x32 CMakeFiles/vscodeSTM32.elf.dir/freertos/list.c.obj
                0x08000b84                vListInsert
 .text.uxListRemove
                0x08000bb6       0x26 CMakeFiles/vscodeSTM32.elf.dir/freertos/list.c.obj
                0x08000bb6                uxListRemove
 .text.prvTaskExitError
                0x08000bdc       0x20 CMakeFiles/vscodeSTM32.elf.dir/freertos/portable/GCC/ARM_CM3/port.c.obj
 .text.prvPortStartFirstTask
                0x08000bfc       0x20 CMakeFiles/vscodeSTM32.elf.dir/freertos/portable/GCC/ARM_CM3/port.c.obj
 .text.pxPortInitialiseStack
                0x08000c1c       0x24 CMakeFiles/vscodeSTM32.elf.dir/freertos/portable/GCC/ARM_CM3/port.c.obj
                0x08000c1c                pxPortInitialiseStack
 .text.SVC_Handler
                0x08000c40       0x24 CMakeFiles/vscodeSTM32.elf.dir/freertos/portable/GCC/ARM_CM3/port.c.obj
                0x08000c40                SVC_Handler
 .text.vPortEnterCritical
                0x08000c64       0x20 CMakeFiles/vscodeSTM32.elf.dir/freertos/portable/GCC/ARM_CM3/port.c.obj
                0x08000c64                vPortEnterCritical
 .text.vPortExitCritical
                0x08000c84       0x14 CMakeFiles/vscodeSTM32.elf.dir/freertos/portable/GCC/ARM_CM3/port.c.obj
                0x08000c84                vPortExitCritical
 *fill*         0x08000c98        0x8 
 .text.PendSV_Handler
                0x08000ca0       0x44 CMakeFiles/vscodeSTM32.elf.dir/freertos/portable/GCC/ARM_CM3/port.c.obj
                0x08000ca0                PendSV_Handler
 .text.SysTick_Handler
                0x08000ce4       0x2c CMakeFiles/vscodeSTM32.elf.dir/freertos/portable/GCC/ARM_CM3/port.c.obj
                0x08000ce4                SysTick_Handler
 .text.vPortSetupTimerInterrupt
                0x08000d10       0x18 CMakeFiles/vscodeSTM32.elf.dir/freertos/portable/GCC/ARM_CM3/port.c.obj
                0x08000d10                vPortSetupTimerInterrupt
 .text.xPortStartScheduler
                0x08000d28       0x3c CMakeFiles/vscodeSTM32.elf.dir/freertos/portable/GCC/ARM_CM3/port.c.obj
                0x08000d28                xPortStartScheduler
 .text.prvHeapInit
                0x08000d64       0x58 CMakeFiles/vscodeSTM32.elf.dir/freertos/portable/MemMang/heap_4.c.obj
 .text.prvInsertBlockIntoFreeList
                0x08000dbc       0x60 CMakeFiles/vscodeSTM32.elf.dir/freertos/portable/MemMang/heap_4.c.obj
 .text.pvPortMalloc
                0x08000e1c       0xc8 CMakeFiles/vscodeSTM32.elf.dir/freertos/portable/MemMang/heap_4.c.obj
                0x08000e1c                pvPortMalloc
 .text.vPortFree
                0x08000ee4       0x50 CMakeFiles/vscodeSTM32.elf.dir/freertos/portable/MemMang/heap_4.c.obj
                0x08000ee4                vPortFree
 .text.prvResetNextTaskUnblockTime
                0x08000f34       0x28 CMakeFiles/vscodeSTM32.elf.dir/freertos/tasks.c.obj
 .text.prvDeleteTCB
                0x08000f5c       0x12 CMakeFiles/vscodeSTM32.elf.dir/freertos/tasks.c.obj
 .text.prvInitialiseNewTask
                0x08000f6e       0x88 CMakeFiles/vscodeSTM32.elf.dir/freertos/tasks.c.obj
 *fill*         0x08000ff6        0x2 
 .text.prvInitialiseTaskLists
                0x08000ff8       0x68 CMakeFiles/vscodeSTM32.elf.dir/freertos/tasks.c.obj
 .text.prvAddNewTaskToReadyList
                0x08001060       0xc4 CMakeFiles/vscodeSTM32.elf.dir/freertos/tasks.c.obj
 .text.prvCheckTasksWaitingTermination
                0x08001124       0x4c CMakeFiles/vscodeSTM32.elf.dir/freertos/tasks.c.obj
 .text.prvIdleTask
                0x08001170       0x28 CMakeFiles/vscodeSTM32.elf.dir/freertos/tasks.c.obj
 .text.prvAddCurrentTaskToDelayedList
                0x08001198       0xb4 CMakeFiles/vscodeSTM32.elf.dir/freertos/tasks.c.obj
 .text.xTaskCreate
                0x0800124c       0x6c CMakeFiles/vscodeSTM32.elf.dir/freertos/tasks.c.obj
                0x0800124c                xTaskCreate
 .text.vTaskStartScheduler
                0x080012b8       0x6c CMakeFiles/vscodeSTM32.elf.dir/freertos/tasks.c.obj
                0x080012b8                vTaskStartScheduler
 .text.vTaskSuspendAll
                0x08001324       0x10 CMakeFiles/vscodeSTM32.elf.dir/freertos/tasks.c.obj
                0x08001324                vTaskSuspendAll
 .text.xTaskIncrementTick
                0x08001334      0x160 CMakeFiles/vscodeSTM32.elf.dir/freertos/tasks.c.obj
                0x08001334                xTaskIncrementTick
 .text.xTaskResumeAll
                0x08001494      0x134 CMakeFiles/vscodeSTM32.elf.dir/freertos/tasks.c.obj
                0x08001494                xTaskResumeAll
 .text.vTaskDelay
                0x080015c8       0x32 CMakeFiles/vscodeSTM32.elf.dir/freertos/tasks.c.obj
                0x080015c8                vTaskDelay
 *fill*         0x080015fa        0x2 
 .text.vTaskSwitchContext
                0x080015fc       0x78 CMakeFiles/vscodeSTM32.elf.dir/freertos/tasks.c.obj
                0x080015fc                vTaskSwitchContext
 .text.SetSysClockTo72
                0x08001674       0xc4 CMakeFiles/vscodeSTM32.elf.dir/fwlib/CMSIS/system_stm32f10x.c.obj
 .text.SetSysClock
                0x08001738        0x8 CMakeFiles/vscodeSTM32.elf.dir/fwlib/CMSIS/system_stm32f10x.c.obj
 .text.SystemInit
                0x08001740       0x50 CMakeFiles/vscodeSTM32.elf.dir/fwlib/CMSIS/system_stm32f10x.c.obj
                0x08001740                SystemInit
 .text.NVIC_PriorityGroupConfig
                0x08001790       0x14 CMakeFiles/vscodeSTM32.elf.dir/fwlib/STM32F10x_StdPeriph_Driver/src/misc.c.obj
                0x08001790                NVIC_PriorityGroupConfig
 .text.NVIC_Init
                0x080017a4       0x64 CMakeFiles/vscodeSTM32.elf.dir/fwlib/STM32F10x_StdPeriph_Driver/src/misc.c.obj
                0x080017a4                NVIC_Init
 .text.NVIC_SetVectorTable
                0x08001808       0x14 CMakeFiles/vscodeSTM32.elf.dir/fwlib/STM32F10x_StdPeriph_Driver/src/misc.c.obj
                0x08001808                NVIC_SetVectorTable
 .text.SysTick_CLKSourceConfig
                0x0800181c       0x20 CMakeFiles/vscodeSTM32.elf.dir/fwlib/STM32F10x_StdPeriph_Driver/src/misc.c.obj
                0x0800181c                SysTick_CLKSourceConfig
 .text.GPIO_Init
                0x0800183c       0xb2 CMakeFiles/vscodeSTM32.elf.dir/fwlib/STM32F10x_StdPeriph_Driver/src/stm32f10x_gpio.c.obj
                0x0800183c                GPIO_Init
 .text.GPIO_WriteBit
                0x080018ee        0xa CMakeFiles/vscodeSTM32.elf.dir/fwlib/STM32F10x_StdPeriph_Driver/src/stm32f10x_gpio.c.obj
                0x080018ee                GPIO_WriteBit
 .text.RCC_DeInit
                0x080018f8       0x40 CMakeFiles/vscodeSTM32.elf.dir/fwlib/STM32F10x_StdPeriph_Driver/src/stm32f10x_rcc.c.obj
                0x080018f8                RCC_DeInit
 .text.RCC_HSEConfig
                0x08001938       0x3c CMakeFiles/vscodeSTM32.elf.dir/fwlib/STM32F10x_StdPeriph_Driver/src/stm32f10x_rcc.c.obj
                0x08001938                RCC_HSEConfig
 .text.RCC_PLLConfig
                0x08001974       0x14 CMakeFiles/vscodeSTM32.elf.dir/fwlib/STM32F10x_StdPeriph_Driver/src/stm32f10x_rcc.c.obj
                0x08001974                RCC_PLLConfig
 .text.RCC_PLLCmd
                0x08001988        0xc CMakeFiles/vscodeSTM32.elf.dir/fwlib/STM32F10x_StdPeriph_Driver/src/stm32f10x_rcc.c.obj
                0x08001988                RCC_PLLCmd
 .text.RCC_SYSCLKConfig
                0x08001994       0x14 CMakeFiles/vscodeSTM32.elf.dir/fwlib/STM32F10x_StdPeriph_Driver/src/stm32f10x_rcc.c.obj
                0x08001994                RCC_SYSCLKConfig
 .text.RCC_GetSYSCLKSource
                0x080019a8       0x10 CMakeFiles/vscodeSTM32.elf.dir/fwlib/STM32F10x_StdPeriph_Driver/src/stm32f10x_rcc.c.obj
                0x080019a8                RCC_GetSYSCLKSource
 .text.RCC_HCLKConfig
                0x080019b8       0x14 CMakeFiles/vscodeSTM32.elf.dir/fwlib/STM32F10x_StdPeriph_Driver/src/stm32f10x_rcc.c.obj
                0x080019b8                RCC_HCLKConfig
 .text.RCC_PCLK1Config
                0x080019cc       0x14 CMakeFiles/vscodeSTM32.elf.dir/fwlib/STM32F10x_StdPeriph_Driver/src/stm32f10x_rcc.c.obj
                0x080019cc                RCC_PCLK1Config
 .text.RCC_PCLK2Config
                0x080019e0       0x14 CMakeFiles/vscodeSTM32.elf.dir/fwlib/STM32F10x_StdPeriph_Driver/src/stm32f10x_rcc.c.obj
                0x080019e0                RCC_PCLK2Config
 .text.RCC_GetClocksFreq
                0x080019f4       0xbc CMakeFiles/vscodeSTM32.elf.dir/fwlib/STM32F10x_StdPeriph_Driver/src/stm32f10x_rcc.c.obj
                0x080019f4                RCC_GetClocksFreq
 .text.RCC_APB2PeriphClockCmd
                0x08001ab0       0x1c CMakeFiles/vscodeSTM32.elf.dir/fwlib/STM32F10x_StdPeriph_Driver/src/stm32f10x_rcc.c.obj
                0x08001ab0                RCC_APB2PeriphClockCmd
 .text.RCC_APB1PeriphClockCmd
                0x08001acc       0x1c CMakeFiles/vscodeSTM32.elf.dir/fwlib/STM32F10x_StdPeriph_Driver/src/stm32f10x_rcc.c.obj
                0x08001acc                RCC_APB1PeriphClockCmd
 .text.RCC_GetFlagStatus
                0x08001ae8       0x34 CMakeFiles/vscodeSTM32.elf.dir/fwlib/STM32F10x_StdPeriph_Driver/src/stm32f10x_rcc.c.obj
                0x08001ae8                RCC_GetFlagStatus
 .text.USART_Init
                0x08001b1c       0xc4 CMakeFiles/vscodeSTM32.elf.dir/fwlib/STM32F10x_StdPeriph_Driver/src/stm32f10x_usart.c.obj
                0x08001b1c                USART_Init
 .text.USART_Cmd
                0x08001be0       0x1c CMakeFiles/vscodeSTM32.elf.dir/fwlib/STM32F10x_StdPeriph_Driver/src/stm32f10x_usart.c.obj
                0x08001be0                USART_Cmd
 .text.USART_ITConfig
                0x08001bfc       0x36 CMakeFiles/vscodeSTM32.elf.dir/fwlib/STM32F10x_StdPeriph_Driver/src/stm32f10x_usart.c.obj
                0x08001bfc                USART_ITConfig
 .text.USART_SendData
                0x08001c32        0x8 CMakeFiles/vscodeSTM32.elf.dir/fwlib/STM32F10x_StdPeriph_Driver/src/stm32f10x_usart.c.obj
                0x08001c32                USART_SendData
 .text.USART_GetFlagStatus
                0x08001c3a        0xe CMakeFiles/vscodeSTM32.elf.dir/fwlib/STM32F10x_StdPeriph_Driver/src/stm32f10x_usart.c.obj
                0x08001c3a                USART_GetFlagStatus
 .text.Reset_Handler
                0x08001c48       0x48 CMakeFiles/vscodeSTM32.elf.dir/startup/startup_stm32f103zetx.s.obj
                0x08001c48                Reset_Handler
 .text.Default_Handler
                0x08001c90        0x2 CMakeFiles/vscodeSTM32.elf.dir/startup/startup_stm32f103zetx.s.obj
                0x08001c90                RTC_Alarm_IRQHandler
                0x08001c90                EXTI2_IRQHandler
                0x08001c90                TIM8_TRG_COM_IRQHandler
                0x08001c90                TIM8_CC_IRQHandler
                0x08001c90                TIM1_CC_IRQHandler
                0x08001c90                TIM6_IRQHandler
                0x08001c90                PVD_IRQHandler
                0x08001c90                SDIO_IRQHandler
                0x08001c90                EXTI3_IRQHandler
                0x08001c90                EXTI0_IRQHandler
                0x08001c90                I2C2_EV_IRQHandler
                0x08001c90                ADC1_2_IRQHandler
                0x08001c90                SPI1_IRQHandler
                0x08001c90                TAMPER_IRQHandler
                0x08001c90                TIM8_UP_IRQHandler
                0x08001c90                DMA2_Channel2_IRQHandler
                0x08001c90                DMA1_Channel4_IRQHandler
                0x08001c90                USART3_IRQHandler
                0x08001c90                RTC_IRQHandler
                0x08001c90                DMA1_Channel7_IRQHandler
                0x08001c90                CAN1_RX1_IRQHandler
                0x08001c90                UART5_IRQHandler
                0x08001c90                ADC3_IRQHandler
                0x08001c90                TIM4_IRQHandler
                0x08001c90                DMA2_Channel1_IRQHandler
                0x08001c90                I2C1_EV_IRQHandler
                0x08001c90                DMA1_Channel6_IRQHandler
                0x08001c90                UART4_IRQHandler
                0x08001c90                TIM3_IRQHandler
                0x08001c90                RCC_IRQHandler
                0x08001c90                TIM1_TRG_COM_IRQHandler
                0x08001c90                DMA1_Channel1_IRQHandler
                0x08001c90                Default_Handler
                0x08001c90                EXTI15_10_IRQHandler
                0x08001c90                TIM7_IRQHandler
                0x08001c90                TIM5_IRQHandler
                0x08001c90                EXTI9_5_IRQHandler
                0x08001c90                SPI2_IRQHandler
                0x08001c90                DMA1_Channel5_IRQHandler
                0x08001c90                EXTI4_IRQHandler
                0x08001c90                USB_LP_CAN1_RX0_IRQHandler
                0x08001c90                USB_HP_CAN1_TX_IRQHandler
                0x08001c90                DMA1_Channel3_IRQHandler
                0x08001c90                FSMC_IRQHandler
                0x08001c90                TIM1_UP_IRQHandler
                0x08001c90                WWDG_IRQHandler
                0x08001c90                TIM2_IRQHandler
                0x08001c90                TIM1_BRK_IRQHandler
                0x08001c90                EXTI1_IRQHandler
                0x08001c90                DMA2_Channel4_5_IRQHandler
                0x08001c90                USART2_IRQHandler
                0x08001c90                I2C2_ER_IRQHandler
                0x08001c90                DMA1_Channel2_IRQHandler
                0x08001c90                TIM8_BRK_IRQHandler
                0x08001c90                CAN1_SCE_IRQHandler
                0x08001c90                FLASH_IRQHandler
                0x08001c90                USART1_IRQHandler
                0x08001c90                SPI3_IRQHandler
                0x08001c90                I2C1_ER_IRQHandler
                0x08001c90                USBWakeUp_IRQHandler
                0x08001c90                DMA2_Channel3_IRQHandler
 .text.NVIC_Configuration
                0x08001c92       0x2c CMakeFiles/vscodeSTM32.elf.dir/user/bsp_usart.c.obj
 *fill*         0x08001cbe        0x2 
 .text.USART_Conf
                0x08001cc0       0x94 CMakeFiles/vscodeSTM32.elf.dir/user/bsp_usart.c.obj
                0x08001cc0                USART_Conf
 .text.USART_SendByte
                0x08001d54       0x16 CMakeFiles/vscodeSTM32.elf.dir/user/bsp_usart.c.obj
                0x08001d54                USART_SendByte
 *fill*         0x08001d6a        0x2 
 .text._write   0x08001d6c       0x30 CMakeFiles/vscodeSTM32.elf.dir/user/bsp_usart.c.obj
                0x08001d6c                _write
 .text.GPIO_LED_Conf
                0x08001d9c       0x30 CMakeFiles/vscodeSTM32.elf.dir/user/main.c.obj
 .text.Task1_LED
                0x08001dcc       0x34 CMakeFiles/vscodeSTM32.elf.dir/user/main.c.obj
                0x08001dcc                Task1_LED
 .text.Task2_Print
                0x08001e00       0x1c CMakeFiles/vscodeSTM32.elf.dir/user/main.c.obj
                0x08001e00                Task2_Print
 .text.prvSetupHardware
                0x08001e1c       0x8c CMakeFiles/vscodeSTM32.elf.dir/user/main.c.obj
 .text.main     0x08001ea8       0x48 CMakeFiles/vscodeSTM32.elf.dir/user/main.c.obj
                0x08001ea8                main
 .text.NMI_Handler
                0x08001ef0        0x2 CMakeFiles/vscodeSTM32.elf.dir/user/stm32f10x_it.c.obj
                0x08001ef0                NMI_Handler
 .text.HardFault_Handler
                0x08001ef2        0x2 CMakeFiles/vscodeSTM32.elf.dir/user/stm32f10x_it.c.obj
                0x08001ef2                HardFault_Handler
 .text.MemManage_Handler
                0x08001ef4        0x2 CMakeFiles/vscodeSTM32.elf.dir/user/stm32f10x_it.c.obj
                0x08001ef4                MemManage_Handler
 .text.BusFault_Handler
                0x08001ef6        0x2 CMakeFiles/vscodeSTM32.elf.dir/user/stm32f10x_it.c.obj
                0x08001ef6                BusFault_Handler
 .text.UsageFault_Handler
                0x08001ef8        0x2 CMakeFiles/vscodeSTM32.elf.dir/user/stm32f10x_it.c.obj
                0x08001ef8                UsageFault_Handler
 .text.DebugMon_Handler
                0x08001efa        0x2 CMakeFiles/vscodeSTM32.elf.dir/user/stm32f10x_it.c.obj
                0x08001efa                DebugMon_Handler
 .text.__libc_init_array
                0x08001efc       0x48 e:/stm32_toolchain/gcc-arm-none-eabi-10.3-2021.10/bin/../lib/gcc/arm-none-eabi/10.3.1/../../../../arm-none-eabi/lib/thumb/v7-m/nofp\libg_nano.a(lib_a-init.o)
                0x08001efc                __libc_init_array
 .text.memcpy   0x08001f44       0x1c e:/stm32_toolchain/gcc-arm-none-eabi-10.3-2021.10/bin/../lib/gcc/arm-none-eabi/10.3.1/../../../../arm-none-eabi/lib/thumb/v7-m/nofp\libg_nano.a(lib_a-memcpy-stub.o)
                0x08001f44                memcpy
 .text.memset   0x08001f60       0x10 e:/stm32_toolchain/gcc-arm-none-eabi-10.3-2021.10/bin/../lib/gcc/arm-none-eabi/10.3.1/../../../../arm-none-eabi/lib/thumb/v7-m/nofp\libg_nano.a(lib_a-memset.o)
                0x08001f60                memset
 .text.__cvt    0x08001f70       0xbe e:/stm32_toolchain/gcc-arm-none-eabi-10.3-2021.10/bin/../lib/gcc/arm-none-eabi/10.3.1/../../../../arm-none-eabi/lib/thumb/v7-m/nofp\libg_nano.a(lib_a-nano-vfprintf_float.o)
                0x08001f70                __cvt
 .text.__exponent
                0x0800202e       0x7c e:/stm32_toolchain/gcc-arm-none-eabi-10.3-2021.10/bin/../lib/gcc/arm-none-eabi/10.3.1/../../../../arm-none-eabi/lib/thumb/v7-m/nofp\libg_nano.a(lib_a-nano-vfprintf_float.o)
                0x0800202e                __exponent
 *fill*         0x080020aa        0x2 
 .text._printf_float
                0x080020ac      0x458 e:/stm32_toolchain/gcc-arm-none-eabi-10.3-2021.10/bin/../lib/gcc/arm-none-eabi/10.3.1/../../../../arm-none-eabi/lib/thumb/v7-m/nofp\libg_nano.a(lib_a-nano-vfprintf_float.o)
                0x080020ac                _printf_float
 .text._printf_common
                0x08002504       0xde e:/stm32_toolchain/gcc-arm-none-eabi-10.3-2021.10/bin/../lib/gcc/arm-none-eabi/10.3.1/../../../../arm-none-eabi/lib/thumb/v7-m/nofp\libg_nano.a(lib_a-nano-vfprintf_i.o)
                0x08002504                _printf_common
 *fill*         0x080025e2        0x2 
 .text._printf_i
                0x080025e4      0x24c e:/stm32_toolchain/gcc-arm-none-eabi-10.3-2021.10/bin/../lib/gcc/arm-none-eabi/10.3.1/../../../../arm-none-eabi/lib/thumb/v7-m/nofp\libg_nano.a(lib_a-nano-vfprintf_i.o)
                0x080025e4                _printf_i
 .text._puts_r  0x08002830       0xdc e:/stm32_toolchain/gcc-arm-none-eabi-10.3-2021.10/bin/../lib/gcc/arm-none-eabi/10.3.1/../../../../arm-none-eabi/lib/thumb/v7-m/nofp\libg_nano.a(lib_a-puts.o)
                0x08002830                _puts_r
 .text.puts     0x0800290c       0x10 e:/stm32_toolchain/gcc-arm-none-eabi-10.3-2021.10/bin/../lib/gcc/arm-none-eabi/10.3.1/../../../../arm-none-eabi/lib/thumb/v7-m/nofp\libg_nano.a(lib_a-puts.o)
                0x0800290c                puts
 .text.__swbuf_r
                0x0800291c       0xa4 e:/stm32_toolchain/gcc-arm-none-eabi-10.3-2021.10/bin/../lib/gcc/arm-none-eabi/10.3.1/../../../../arm-none-eabi/lib/thumb/v7-m/nofp\libg_nano.a(lib_a-wbuf.o)
                0x0800291c                __swbuf_r
 .text.__swsetup_r
                0x080029c0       0xdc e:/stm32_toolchain/gcc-arm-none-eabi-10.3-2021.10/bin/../lib/gcc/arm-none-eabi/10.3.1/../../../../arm-none-eabi/lib/thumb/v7-m/nofp\libg_nano.a(lib_a-wsetup.o)
                0x080029c0                __swsetup_r
 .text.quorem   0x08002a9c      0x118 e:/stm32_toolchain/gcc-arm-none-eabi-10.3-2021.10/bin/../lib/gcc/arm-none-eabi/10.3.1/../../../../arm-none-eabi/lib/thumb/v7-m/nofp\libg_nano.a(lib_a-dtoa.o)
 *fill*         0x08002bb4        0x4 
 .text._dtoa_r  0x08002bb8      0xbdc e:/stm32_toolchain/gcc-arm-none-eabi-10.3-2021.10/bin/../lib/gcc/arm-none-eabi/10.3.1/../../../../arm-none-eabi/lib/thumb/v7-m/nofp\libg_nano.a(lib_a-dtoa.o)
                0x08002bb8                _dtoa_r
 .text.__sflush_r
                0x08003794      0x104 e:/stm32_toolchain/gcc-arm-none-eabi-10.3-2021.10/bin/../lib/gcc/arm-none-eabi/10.3.1/../../../../arm-none-eabi/lib/thumb/v7-m/nofp\libg_nano.a(lib_a-fflush.o)
                0x08003794                __sflush_r
 .text._fflush_r
                0x08003898       0x78 e:/stm32_toolchain/gcc-arm-none-eabi-10.3-2021.10/bin/../lib/gcc/arm-none-eabi/10.3.1/../../../../arm-none-eabi/lib/thumb/v7-m/nofp\libg_nano.a(lib_a-fflush.o)
                0x08003898                _fflush_r
 .text.std      0x08003910       0x48 e:/stm32_toolchain/gcc-arm-none-eabi-10.3-2021.10/bin/../lib/gcc/arm-none-eabi/10.3.1/../../../../arm-none-eabi/lib/thumb/v7-m/nofp\libg_nano.a(lib_a-findfp.o)
 .text._cleanup_r
                0x08003958        0xc e:/stm32_toolchain/gcc-arm-none-eabi-10.3-2021.10/bin/../lib/gcc/arm-none-eabi/10.3.1/../../../../arm-none-eabi/lib/thumb/v7-m/nofp\libg_nano.a(lib_a-findfp.o)
                0x08003958                _cleanup_r
 .text.__sfmoreglue
                0x08003964       0x2c e:/stm32_toolchain/gcc-arm-none-eabi-10.3-2021.10/bin/../lib/gcc/arm-none-eabi/10.3.1/../../../../arm-none-eabi/lib/thumb/v7-m/nofp\libg_nano.a(lib_a-findfp.o)
                0x08003964                __sfmoreglue
 .text.__sfp_lock_acquire
                0x08003990        0xc e:/stm32_toolchain/gcc-arm-none-eabi-10.3-2021.10/bin/../lib/gcc/arm-none-eabi/10.3.1/../../../../arm-none-eabi/lib/thumb/v7-m/nofp\libg_nano.a(lib_a-findfp.o)
                0x08003990                __sfp_lock_acquire
 .text.__sfp_lock_release
                0x0800399c        0xc e:/stm32_toolchain/gcc-arm-none-eabi-10.3-2021.10/bin/../lib/gcc/arm-none-eabi/10.3.1/../../../../arm-none-eabi/lib/thumb/v7-m/nofp\libg_nano.a(lib_a-findfp.o)
                0x0800399c                __sfp_lock_release
 .text.__sinit_lock_acquire
                0x080039a8        0xc e:/stm32_toolchain/gcc-arm-none-eabi-10.3-2021.10/bin/../lib/gcc/arm-none-eabi/10.3.1/../../../../arm-none-eabi/lib/thumb/v7-m/nofp\libg_nano.a(lib_a-findfp.o)
                0x080039a8                __sinit_lock_acquire
 .text.__sinit_lock_release
                0x080039b4        0xc e:/stm32_toolchain/gcc-arm-none-eabi-10.3-2021.10/bin/../lib/gcc/arm-none-eabi/10.3.1/../../../../arm-none-eabi/lib/thumb/v7-m/nofp\libg_nano.a(lib_a-findfp.o)
                0x080039b4                __sinit_lock_release
 .text.__sinit  0x080039c0       0x70 e:/stm32_toolchain/gcc-arm-none-eabi-10.3-2021.10/bin/../lib/gcc/arm-none-eabi/10.3.1/../../../../arm-none-eabi/lib/thumb/v7-m/nofp\libg_nano.a(lib_a-findfp.o)
                0x080039c0                __sinit
 .text.__sfp    0x08003a30       0x8c e:/stm32_toolchain/gcc-arm-none-eabi-10.3-2021.10/bin/../lib/gcc/arm-none-eabi/10.3.1/../../../../arm-none-eabi/lib/thumb/v7-m/nofp\libg_nano.a(lib_a-findfp.o)
                0x08003a30                __sfp
 .text._fwalk_reent
                0x08003abc       0x3e e:/stm32_toolchain/gcc-arm-none-eabi-10.3-2021.10/bin/../lib/gcc/arm-none-eabi/10.3.1/../../../../arm-none-eabi/lib/thumb/v7-m/nofp\libg_nano.a(lib_a-fwalk.o)
                0x08003abc                _fwalk_reent
 *fill*         0x08003afa        0x2 
 .text._localeconv_r
                0x08003afc        0x8 e:/stm32_toolchain/gcc-arm-none-eabi-10.3-2021.10/bin/../lib/gcc/arm-none-eabi/10.3.1/../../../../arm-none-eabi/lib/thumb/v7-m/nofp\libg_nano.a(lib_a-localeconv.o)
                0x08003afc                _localeconv_r
 .text.__retarget_lock_init_recursive
                0x08003b04        0x2 e:/stm32_toolchain/gcc-arm-none-eabi-10.3-2021.10/bin/../lib/gcc/arm-none-eabi/10.3.1/../../../../arm-none-eabi/lib/thumb/v7-m/nofp\libg_nano.a(lib_a-lock.o)
                0x08003b04                __retarget_lock_init_recursive
 .text.__retarget_lock_acquire_recursive
                0x08003b06        0x2 e:/stm32_toolchain/gcc-arm-none-eabi-10.3-2021.10/bin/../lib/gcc/arm-none-eabi/10.3.1/../../../../arm-none-eabi/lib/thumb/v7-m/nofp\libg_nano.a(lib_a-lock.o)
                0x08003b06                __retarget_lock_acquire_recursive
 .text.__retarget_lock_release_recursive
                0x08003b08        0x2 e:/stm32_toolchain/gcc-arm-none-eabi-10.3-2021.10/bin/../lib/gcc/arm-none-eabi/10.3.1/../../../../arm-none-eabi/lib/thumb/v7-m/nofp\libg_nano.a(lib_a-lock.o)
                0x08003b08                __retarget_lock_release_recursive
 .text.__swhatbuf_r
                0x08003b0a       0x4a e:/stm32_toolchain/gcc-arm-none-eabi-10.3-2021.10/bin/../lib/gcc/arm-none-eabi/10.3.1/../../../../arm-none-eabi/lib/thumb/v7-m/nofp\libg_nano.a(lib_a-makebuf.o)
                0x08003b0a                __swhatbuf_r
 .text.__smakebuf_r
                0x08003b54       0x80 e:/stm32_toolchain/gcc-arm-none-eabi-10.3-2021.10/bin/../lib/gcc/arm-none-eabi/10.3.1/../../../../arm-none-eabi/lib/thumb/v7-m/nofp\libg_nano.a(lib_a-makebuf.o)
                0x08003b54                __smakebuf_r
 .text.malloc   0x08003bd4       0x10 e:/stm32_toolchain/gcc-arm-none-eabi-10.3-2021.10/bin/../lib/gcc/arm-none-eabi/10.3.1/../../../../arm-none-eabi/lib/thumb/v7-m/nofp\libg_nano.a(lib_a-malloc.o)
                0x08003bd4                malloc
 .text.memchr   0x08003be4       0x1c e:/stm32_toolchain/gcc-arm-none-eabi-10.3-2021.10/bin/../lib/gcc/arm-none-eabi/10.3.1/../../../../arm-none-eabi/lib/thumb/v7-m/nofp\libg_nano.a(lib_a-memchr-stub.o)
                0x08003be4                memchr
 .text._Balloc  0x08003c00       0x80 e:/stm32_toolchain/gcc-arm-none-eabi-10.3-2021.10/bin/../lib/gcc/arm-none-eabi/10.3.1/../../../../arm-none-eabi/lib/thumb/v7-m/nofp\libg_nano.a(lib_a-mprec.o)
                0x08003c00                _Balloc
 .text._Bfree   0x08003c80       0x44 e:/stm32_toolchain/gcc-arm-none-eabi-10.3-2021.10/bin/../lib/gcc/arm-none-eabi/10.3.1/../../../../arm-none-eabi/lib/thumb/v7-m/nofp\libg_nano.a(lib_a-mprec.o)
                0x08003c80                _Bfree
 .text.__multadd
                0x08003cc4       0x8c e:/stm32_toolchain/gcc-arm-none-eabi-10.3-2021.10/bin/../lib/gcc/arm-none-eabi/10.3.1/../../../../arm-none-eabi/lib/thumb/v7-m/nofp\libg_nano.a(lib_a-mprec.o)
                0x08003cc4                __multadd
 .text.__hi0bits
                0x08003d50       0x40 e:/stm32_toolchain/gcc-arm-none-eabi-10.3-2021.10/bin/../lib/gcc/arm-none-eabi/10.3.1/../../../../arm-none-eabi/lib/thumb/v7-m/nofp\libg_nano.a(lib_a-mprec.o)
                0x08003d50                __hi0bits
 .text.__lo0bits
                0x08003d90       0x5a e:/stm32_toolchain/gcc-arm-none-eabi-10.3-2021.10/bin/../lib/gcc/arm-none-eabi/10.3.1/../../../../arm-none-eabi/lib/thumb/v7-m/nofp\libg_nano.a(lib_a-mprec.o)
                0x08003d90                __lo0bits
 *fill*         0x08003dea        0x2 
 .text.__i2b    0x08003dec       0x2c e:/stm32_toolchain/gcc-arm-none-eabi-10.3-2021.10/bin/../lib/gcc/arm-none-eabi/10.3.1/../../../../arm-none-eabi/lib/thumb/v7-m/nofp\libg_nano.a(lib_a-mprec.o)
                0x08003dec                __i2b
 .text.__multiply
                0x08003e18      0x150 e:/stm32_toolchain/gcc-arm-none-eabi-10.3-2021.10/bin/../lib/gcc/arm-none-eabi/10.3.1/../../../../arm-none-eabi/lib/thumb/v7-m/nofp\libg_nano.a(lib_a-mprec.o)
                0x08003e18                __multiply
 .text.__pow5mult
                0x08003f68       0xb4 e:/stm32_toolchain/gcc-arm-none-eabi-10.3-2021.10/bin/../lib/gcc/arm-none-eabi/10.3.1/../../../../arm-none-eabi/lib/thumb/v7-m/nofp\libg_nano.a(lib_a-mprec.o)
                0x08003f68                __pow5mult
 .text.__lshift
                0x0800401c       0xe0 e:/stm32_toolchain/gcc-arm-none-eabi-10.3-2021.10/bin/../lib/gcc/arm-none-eabi/10.3.1/../../../../arm-none-eabi/lib/thumb/v7-m/nofp\libg_nano.a(lib_a-mprec.o)
                0x0800401c                __lshift
 .text.__mcmp   0x080040fc       0x36 e:/stm32_toolchain/gcc-arm-none-eabi-10.3-2021.10/bin/../lib/gcc/arm-none-eabi/10.3.1/../../../../arm-none-eabi/lib/thumb/v7-m/nofp\libg_nano.a(lib_a-mprec.o)
                0x080040fc                __mcmp
 *fill*         0x08004132        0x2 
 .text.__mdiff  0x08004134      0x118 e:/stm32_toolchain/gcc-arm-none-eabi-10.3-2021.10/bin/../lib/gcc/arm-none-eabi/10.3.1/../../../../arm-none-eabi/lib/thumb/v7-m/nofp\libg_nano.a(lib_a-mprec.o)
                0x08004134                __mdiff
 .text.__d2b    0x0800424c       0xb8 e:/stm32_toolchain/gcc-arm-none-eabi-10.3-2021.10/bin/../lib/gcc/arm-none-eabi/10.3.1/../../../../arm-none-eabi/lib/thumb/v7-m/nofp\libg_nano.a(lib_a-mprec.o)
                0x0800424c                __d2b
 .text._calloc_r
                0x08004304       0x28 e:/stm32_toolchain/gcc-arm-none-eabi-10.3-2021.10/bin/../lib/gcc/arm-none-eabi/10.3.1/../../../../arm-none-eabi/lib/thumb/v7-m/nofp\libg_nano.a(lib_a-nano-callocr.o)
                0x08004304                _calloc_r
 .text._free_r  0x0800432c       0x90 e:/stm32_toolchain/gcc-arm-none-eabi-10.3-2021.10/bin/../lib/gcc/arm-none-eabi/10.3.1/../../../../arm-none-eabi/lib/thumb/v7-m/nofp\libg_nano.a(lib_a-nano-freer.o)
                0x0800432c                _free_r
 .text.sbrk_aligned
                0x080043bc       0x40 e:/stm32_toolchain/gcc-arm-none-eabi-10.3-2021.10/bin/../lib/gcc/arm-none-eabi/10.3.1/../../../../arm-none-eabi/lib/thumb/v7-m/nofp\libg_nano.a(lib_a-nano-mallocr.o)
 .text._malloc_r
                0x080043fc       0xe8 e:/stm32_toolchain/gcc-arm-none-eabi-10.3-2021.10/bin/../lib/gcc/arm-none-eabi/10.3.1/../../../../arm-none-eabi/lib/thumb/v7-m/nofp\libg_nano.a(lib_a-nano-mallocr.o)
                0x080043fc                _malloc_r
 .text._sbrk_r  0x080044e4       0x20 e:/stm32_toolchain/gcc-arm-none-eabi-10.3-2021.10/bin/../lib/gcc/arm-none-eabi/10.3.1/../../../../arm-none-eabi/lib/thumb/v7-m/nofp\libg_nano.a(lib_a-sbrkr.o)
                0x080044e4                _sbrk_r
 .text.__sread  0x08004504       0x22 e:/stm32_toolchain/gcc-arm-none-eabi-10.3-2021.10/bin/../lib/gcc/arm-none-eabi/10.3.1/../../../../arm-none-eabi/lib/thumb/v7-m/nofp\libg_nano.a(lib_a-stdio.o)
                0x08004504                __sread
 .text.__swrite
                0x08004526       0x38 e:/stm32_toolchain/gcc-arm-none-eabi-10.3-2021.10/bin/../lib/gcc/arm-none-eabi/10.3.1/../../../../arm-none-eabi/lib/thumb/v7-m/nofp\libg_nano.a(lib_a-stdio.o)
                0x08004526                __swrite
 .text.__sseek  0x0800455e       0x24 e:/stm32_toolchain/gcc-arm-none-eabi-10.3-2021.10/bin/../lib/gcc/arm-none-eabi/10.3.1/../../../../arm-none-eabi/lib/thumb/v7-m/nofp\libg_nano.a(lib_a-stdio.o)
                0x0800455e                __sseek
 .text.__sclose
                0x08004582        0x8 e:/stm32_toolchain/gcc-arm-none-eabi-10.3-2021.10/bin/../lib/gcc/arm-none-eabi/10.3.1/../../../../arm-none-eabi/lib/thumb/v7-m/nofp\libg_nano.a(lib_a-stdio.o)
                0x08004582                __sclose
 *fill*         0x0800458a        0x2 
 .text._write_r
                0x0800458c       0x24 e:/stm32_toolchain/gcc-arm-none-eabi-10.3-2021.10/bin/../lib/gcc/arm-none-eabi/10.3.1/../../../../arm-none-eabi/lib/thumb/v7-m/nofp\libg_nano.a(lib_a-writer.o)
                0x0800458c                _write_r
 .text.__assert_func
                0x080045b0       0x3c e:/stm32_toolchain/gcc-arm-none-eabi-10.3-2021.10/bin/../lib/gcc/arm-none-eabi/10.3.1/../../../../arm-none-eabi/lib/thumb/v7-m/nofp\libg_nano.a(lib_a-assert.o)
                0x080045b0                __assert_func
 .text._close_r
                0x080045ec       0x20 e:/stm32_toolchain/gcc-arm-none-eabi-10.3-2021.10/bin/../lib/gcc/arm-none-eabi/10.3.1/../../../../arm-none-eabi/lib/thumb/v7-m/nofp\libg_nano.a(lib_a-closer.o)
                0x080045ec                _close_r
 .text.fprintf  0x0800460c       0x24 e:/stm32_toolchain/gcc-arm-none-eabi-10.3-2021.10/bin/../lib/gcc/arm-none-eabi/10.3.1/../../../../arm-none-eabi/lib/thumb/v7-m/nofp\libg_nano.a(lib_a-fprintf.o)
                0x0800460c                fiprintf
                0x0800460c                fprintf
 .text._fstat_r
                0x08004630       0x24 e:/stm32_toolchain/gcc-arm-none-eabi-10.3-2021.10/bin/../lib/gcc/arm-none-eabi/10.3.1/../../../../arm-none-eabi/lib/thumb/v7-m/nofp\libg_nano.a(lib_a-fstatr.o)
                0x08004630                _fstat_r
 .text._isatty_r
                0x08004654       0x20 e:/stm32_toolchain/gcc-arm-none-eabi-10.3-2021.10/bin/../lib/gcc/arm-none-eabi/10.3.1/../../../../arm-none-eabi/lib/thumb/v7-m/nofp\libg_nano.a(lib_a-isattyr.o)
                0x08004654                _isatty_r
 .text._lseek_r
                0x08004674       0x24 e:/stm32_toolchain/gcc-arm-none-eabi-10.3-2021.10/bin/../lib/gcc/arm-none-eabi/10.3.1/../../../../arm-none-eabi/lib/thumb/v7-m/nofp\libg_nano.a(lib_a-lseekr.o)
                0x08004674                _lseek_r
 .text.__ascii_mbtowc
                0x08004698       0x24 e:/stm32_toolchain/gcc-arm-none-eabi-10.3-2021.10/bin/../lib/gcc/arm-none-eabi/10.3.1/../../../../arm-none-eabi/lib/thumb/v7-m/nofp\libg_nano.a(lib_a-mbtowc_r.o)
                0x08004698                __ascii_mbtowc
 .text.__malloc_lock
                0x080046bc        0xc e:/stm32_toolchain/gcc-arm-none-eabi-10.3-2021.10/bin/../lib/gcc/arm-none-eabi/10.3.1/../../../../arm-none-eabi/lib/thumb/v7-m/nofp\libg_nano.a(lib_a-mlock.o)
                0x080046bc                __malloc_lock
 .text.__malloc_unlock
                0x080046c8        0xc e:/stm32_toolchain/gcc-arm-none-eabi-10.3-2021.10/bin/../lib/gcc/arm-none-eabi/10.3.1/../../../../arm-none-eabi/lib/thumb/v7-m/nofp\libg_nano.a(lib_a-mlock.o)
                0x080046c8                __malloc_unlock
 .text.__sfputc_r
                0x080046d4       0x2a e:/stm32_toolchain/gcc-arm-none-eabi-10.3-2021.10/bin/../lib/gcc/arm-none-eabi/10.3.1/../../../../arm-none-eabi/lib/thumb/v7-m/nofp\libg_nano.a(lib_a-nano-vfprintf.o)
 .text.__sfputs_r
                0x080046fe       0x24 e:/stm32_toolchain/gcc-arm-none-eabi-10.3-2021.10/bin/../lib/gcc/arm-none-eabi/10.3.1/../../../../arm-none-eabi/lib/thumb/v7-m/nofp\libg_nano.a(lib_a-nano-vfprintf.o)
                0x080046fe                __sfputs_r
 *fill*         0x08004722        0x2 
 .text._vfprintf_r
                0x08004724      0x260 e:/stm32_toolchain/gcc-arm-none-eabi-10.3-2021.10/bin/../lib/gcc/arm-none-eabi/10.3.1/../../../../arm-none-eabi/lib/thumb/v7-m/nofp\libg_nano.a(lib_a-nano-vfprintf.o)
                0x08004724                _vfprintf_r
                0x08004724                _vfiprintf_r
 .text._read_r  0x08004984       0x24 e:/stm32_toolchain/gcc-arm-none-eabi-10.3-2021.10/bin/../lib/gcc/arm-none-eabi/10.3.1/../../../../arm-none-eabi/lib/thumb/v7-m/nofp\libg_nano.a(lib_a-readr.o)
                0x08004984                _read_r
 .text.__ascii_wctomb
                0x080049a8       0x1a e:/stm32_toolchain/gcc-arm-none-eabi-10.3-2021.10/bin/../lib/gcc/arm-none-eabi/10.3.1/../../../../arm-none-eabi/lib/thumb/v7-m/nofp\libg_nano.a(lib_a-wctomb_r.o)
                0x080049a8                __ascii_wctomb
 .text.abort    0x080049c2        0xe e:/stm32_toolchain/gcc-arm-none-eabi-10.3-2021.10/bin/../lib/gcc/arm-none-eabi/10.3.1/../../../../arm-none-eabi/lib/thumb/v7-m/nofp\libg_nano.a(lib_a-abort.o)
                0x080049c2                abort
 .text._raise_r
                0x080049d0       0x50 e:/stm32_toolchain/gcc-arm-none-eabi-10.3-2021.10/bin/../lib/gcc/arm-none-eabi/10.3.1/../../../../arm-none-eabi/lib/thumb/v7-m/nofp\libg_nano.a(lib_a-signal.o)
                0x080049d0                _raise_r
 .text.raise    0x08004a20       0x10 e:/stm32_toolchain/gcc-arm-none-eabi-10.3-2021.10/bin/../lib/gcc/arm-none-eabi/10.3.1/../../../../arm-none-eabi/lib/thumb/v7-m/nofp\libg_nano.a(lib_a-signal.o)
                0x08004a20                raise
 .text._kill_r  0x08004a30       0x24 e:/stm32_toolchain/gcc-arm-none-eabi-10.3-2021.10/bin/../lib/gcc/arm-none-eabi/10.3.1/../../../../arm-none-eabi/lib/thumb/v7-m/nofp\libg_nano.a(lib_a-signalr.o)
                0x08004a30                _kill_r
 .text._getpid_r
                0x08004a54        0x4 e:/stm32_toolchain/gcc-arm-none-eabi-10.3-2021.10/bin/../lib/gcc/arm-none-eabi/10.3.1/../../../../arm-none-eabi/lib/thumb/v7-m/nofp\libg_nano.a(lib_a-signalr.o)
                0x08004a54                _getpid_r
 .text._close   0x08004a58       0x10 e:/stm32_toolchain/gcc-arm-none-eabi-10.3-2021.10/bin/../lib/gcc/arm-none-eabi/10.3.1/../../../../arm-none-eabi/lib/thumb/v7-m/nofp\libnosys.a(close.o)
                0x08004a58                _close
 .text._fstat   0x08004a68       0x10 e:/stm32_toolchain/gcc-arm-none-eabi-10.3-2021.10/bin/../lib/gcc/arm-none-eabi/10.3.1/../../../../arm-none-eabi/lib/thumb/v7-m/nofp\libnosys.a(fstat.o)
                0x08004a68                _fstat
 .text._getpid  0x08004a78       0x10 e:/stm32_toolchain/gcc-arm-none-eabi-10.3-2021.10/bin/../lib/gcc/arm-none-eabi/10.3.1/../../../../arm-none-eabi/lib/thumb/v7-m/nofp\libnosys.a(getpid.o)
                0x08004a78                _getpid
 .text._isatty  0x08004a88       0x10 e:/stm32_toolchain/gcc-arm-none-eabi-10.3-2021.10/bin/../lib/gcc/arm-none-eabi/10.3.1/../../../../arm-none-eabi/lib/thumb/v7-m/nofp\libnosys.a(isatty.o)
                0x08004a88                _isatty
 .text._kill    0x08004a98       0x10 e:/stm32_toolchain/gcc-arm-none-eabi-10.3-2021.10/bin/../lib/gcc/arm-none-eabi/10.3.1/../../../../arm-none-eabi/lib/thumb/v7-m/nofp\libnosys.a(kill.o)
                0x08004a98                _kill
 .text._lseek   0x08004aa8       0x10 e:/stm32_toolchain/gcc-arm-none-eabi-10.3-2021.10/bin/../lib/gcc/arm-none-eabi/10.3.1/../../../../arm-none-eabi/lib/thumb/v7-m/nofp\libnosys.a(lseek.o)
                0x08004aa8                _lseek
 .text._read    0x08004ab8       0x10 e:/stm32_toolchain/gcc-arm-none-eabi-10.3-2021.10/bin/../lib/gcc/arm-none-eabi/10.3.1/../../../../arm-none-eabi/lib/thumb/v7-m/nofp\libnosys.a(read.o)
                0x08004ab8                _read
 .text._sbrk    0x08004ac8       0x1c e:/stm32_toolchain/gcc-arm-none-eabi-10.3-2021.10/bin/../lib/gcc/arm-none-eabi/10.3.1/../../../../arm-none-eabi/lib/thumb/v7-m/nofp\libnosys.a(sbrk.o)
                0x08004ac8                _sbrk
 .text._exit    0x08004ae4        0x4 e:/stm32_toolchain/gcc-arm-none-eabi-10.3-2021.10/bin/../lib/gcc/arm-none-eabi/10.3.1/../../../../arm-none-eabi/lib/thumb/v7-m/nofp\libnosys.a(_exit.o)
                0x08004ae4                _exit
 *(.glue_7)
 .glue_7        0x08004ae8        0x0 linker stubs
 *(.glue_7t)
 .glue_7t       0x08004ae8        0x0 linker stubs
 *(.eh_frame)
 .eh_frame      0x08004ae8        0x0 e:/stm32_toolchain/gcc-arm-none-eabi-10.3-2021.10/bin/../lib/gcc/arm-none-eabi/10.3.1/thumb/v7-m/nofp/crtbegin.o
 *(.init)
 .init          0x08004ae8        0x4 e:/stm32_toolchain/gcc-arm-none-eabi-10.3-2021.10/bin/../lib/gcc/arm-none-eabi/10.3.1/thumb/v7-m/nofp/crti.o
                0x08004ae8                _init
 .init          0x08004aec        0x8 e:/stm32_toolchain/gcc-arm-none-eabi-10.3-2021.10/bin/../lib/gcc/arm-none-eabi/10.3.1/thumb/v7-m/nofp/crtn.o
 *(.fini)
 .fini          0x08004af4        0x4 e:/stm32_toolchain/gcc-arm-none-eabi-10.3-2021.10/bin/../lib/gcc/arm-none-eabi/10.3.1/thumb/v7-m/nofp/crti.o
                0x08004af4                _fini
 .fini          0x08004af8        0x8 e:/stm32_toolchain/gcc-arm-none-eabi-10.3-2021.10/bin/../lib/gcc/arm-none-eabi/10.3.1/thumb/v7-m/nofp/crtn.o
                0x08004b00                . = ALIGN (0x4)
                0x08004b00                _etext = .

.vfp11_veneer   0x08004b00        0x0
 .vfp11_veneer  0x08004b00        0x0 linker stubs

.v4_bx          0x08004b00        0x0
 .v4_bx         0x08004b00        0x0 linker stubs

.iplt           0x08004b00        0x0
 .iplt          0x08004b00        0x0 e:/stm32_toolchain/gcc-arm-none-eabi-10.3-2021.10/bin/../lib/gcc/arm-none-eabi/10.3.1/thumb/v7-m/nofp/crtbegin.o

.rodata         0x08004b00      0x46c
                0x08004b00                . = ALIGN (0x4)
 *(.rodata)
 *(.rodata*)
 .rodata.vTaskStartScheduler.str1.4
                0x08004b00        0x5 CMakeFiles/vscodeSTM32.elf.dir/freertos/tasks.c.obj
 *fill*         0x08004b05        0x3 
 .rodata.Task2_Print.str1.4
                0x08004b08       0x27 CMakeFiles/vscodeSTM32.elf.dir/user/main.c.obj
 *fill*         0x08004b2f        0x1 
 .rodata.main.str1.4
                0x08004b30       0x18 CMakeFiles/vscodeSTM32.elf.dir/user/main.c.obj
 .rodata._global_impure_ptr
                0x08004b48        0x4 e:/stm32_toolchain/gcc-arm-none-eabi-10.3-2021.10/bin/../lib/gcc/arm-none-eabi/10.3.1/../../../../arm-none-eabi/lib/thumb/v7-m/nofp\libg_nano.a(lib_a-impure.o)
                0x08004b48                _global_impure_ptr
 .rodata._printf_float.str1.1
                0x08004b4c       0x12 e:/stm32_toolchain/gcc-arm-none-eabi-10.3-2021.10/bin/../lib/gcc/arm-none-eabi/10.3.1/../../../../arm-none-eabi/lib/thumb/v7-m/nofp\libg_nano.a(lib_a-nano-vfprintf_float.o)
 .rodata._printf_i.str1.1
                0x08004b5e       0x22 e:/stm32_toolchain/gcc-arm-none-eabi-10.3-2021.10/bin/../lib/gcc/arm-none-eabi/10.3.1/../../../../arm-none-eabi/lib/thumb/v7-m/nofp\libg_nano.a(lib_a-nano-vfprintf_i.o)
 .rodata._dtoa_r.str1.1
                0x08004b80       0xb3 e:/stm32_toolchain/gcc-arm-none-eabi-10.3-2021.10/bin/../lib/gcc/arm-none-eabi/10.3.1/../../../../arm-none-eabi/lib/thumb/v7-m/nofp\libg_nano.a(lib_a-dtoa.o)
                                 0xb5 (size before relaxing)
 *fill*         0x08004c33        0x1 
 .rodata.__sf_fake_stderr
                0x08004c34       0x20 e:/stm32_toolchain/gcc-arm-none-eabi-10.3-2021.10/bin/../lib/gcc/arm-none-eabi/10.3.1/../../../../arm-none-eabi/lib/thumb/v7-m/nofp\libg_nano.a(lib_a-findfp.o)
                0x08004c34                __sf_fake_stderr
 .rodata.__sf_fake_stdin
                0x08004c54       0x20 e:/stm32_toolchain/gcc-arm-none-eabi-10.3-2021.10/bin/../lib/gcc/arm-none-eabi/10.3.1/../../../../arm-none-eabi/lib/thumb/v7-m/nofp\libg_nano.a(lib_a-findfp.o)
                0x08004c54                __sf_fake_stdin
 .rodata.__sf_fake_stdout
                0x08004c74       0x20 e:/stm32_toolchain/gcc-arm-none-eabi-10.3-2021.10/bin/../lib/gcc/arm-none-eabi/10.3.1/../../../../arm-none-eabi/lib/thumb/v7-m/nofp\libg_nano.a(lib_a-findfp.o)
                0x08004c74                __sf_fake_stdout
 .rodata._Balloc.str1.1
                0x08004c94       0x7f e:/stm32_toolchain/gcc-arm-none-eabi-10.3-2021.10/bin/../lib/gcc/arm-none-eabi/10.3.1/../../../../arm-none-eabi/lib/thumb/v7-m/nofp\libg_nano.a(lib_a-mprec.o)
                                 0x96 (size before relaxing)
 .rodata.__multadd.str1.1
                0x08004d13       0x11 e:/stm32_toolchain/gcc-arm-none-eabi-10.3-2021.10/bin/../lib/gcc/arm-none-eabi/10.3.1/../../../../arm-none-eabi/lib/thumb/v7-m/nofp\libg_nano.a(lib_a-mprec.o)
 *fill*         0x08004d13        0x5 
 .rodata.__mprec_bigtens
                0x08004d18       0x28 e:/stm32_toolchain/gcc-arm-none-eabi-10.3-2021.10/bin/../lib/gcc/arm-none-eabi/10.3.1/../../../../arm-none-eabi/lib/thumb/v7-m/nofp\libg_nano.a(lib_a-mprec.o)
                0x08004d18                __mprec_bigtens
 .rodata.__mprec_tens
                0x08004d40       0xc8 e:/stm32_toolchain/gcc-arm-none-eabi-10.3-2021.10/bin/../lib/gcc/arm-none-eabi/10.3.1/../../../../arm-none-eabi/lib/thumb/v7-m/nofp\libg_nano.a(lib_a-mprec.o)
                0x08004d40                __mprec_tens
 .rodata.p05.0  0x08004e08        0xc e:/stm32_toolchain/gcc-arm-none-eabi-10.3-2021.10/bin/../lib/gcc/arm-none-eabi/10.3.1/../../../../arm-none-eabi/lib/thumb/v7-m/nofp\libg_nano.a(lib_a-mprec.o)
 .rodata.__assert_func.str1.1
                0x08004e14       0x3c e:/stm32_toolchain/gcc-arm-none-eabi-10.3-2021.10/bin/../lib/gcc/arm-none-eabi/10.3.1/../../../../arm-none-eabi/lib/thumb/v7-m/nofp\libg_nano.a(lib_a-assert.o)
                                 0x3d (size before relaxing)
 .rodata._setlocale_r.str1.1
                0x08004e50        0x8 e:/stm32_toolchain/gcc-arm-none-eabi-10.3-2021.10/bin/../lib/gcc/arm-none-eabi/10.3.1/../../../../arm-none-eabi/lib/thumb/v7-m/nofp\libg_nano.a(lib_a-locale.o)
                                  0x9 (size before relaxing)
 .rodata.str1.1
                0x08004e58        0x2 e:/stm32_toolchain/gcc-arm-none-eabi-10.3-2021.10/bin/../lib/gcc/arm-none-eabi/10.3.1/../../../../arm-none-eabi/lib/thumb/v7-m/nofp\libg_nano.a(lib_a-locale.o)
 .rodata._vfprintf_r.str1.1
                0x08004e5a       0x11 e:/stm32_toolchain/gcc-arm-none-eabi-10.3-2021.10/bin/../lib/gcc/arm-none-eabi/10.3.1/../../../../arm-none-eabi/lib/thumb/v7-m/nofp\libg_nano.a(lib_a-nano-vfprintf.o)
 .rodata._ctype_
                0x08004e6b      0x101 e:/stm32_toolchain/gcc-arm-none-eabi-10.3-2021.10/bin/../lib/gcc/arm-none-eabi/10.3.1/../../../../arm-none-eabi/lib/thumb/v7-m/nofp\libg_nano.a(lib_a-ctype_.o)
                0x08004e6b                _ctype_
                0x08004f6c                . = ALIGN (0x4)

.rel.dyn        0x08004f6c        0x0
 .rel.iplt      0x08004f6c        0x0 e:/stm32_toolchain/gcc-arm-none-eabi-10.3-2021.10/bin/../lib/gcc/arm-none-eabi/10.3.1/thumb/v7-m/nofp/crtbegin.o

.ARM.extab      0x08004f6c        0x0
                0x08004f6c                . = ALIGN (0x4)
 *(.ARM.extab* .gnu.linkonce.armextab.*)
                0x08004f6c                . = ALIGN (0x4)

.ARM            0x08004f6c        0x0
                0x08004f6c                . = ALIGN (0x4)
                0x08004f6c                __exidx_start = .
 *(.ARM.exidx*)
                0x08004f6c                __exidx_end = .
                0x08004f6c                . = ALIGN (0x4)

.preinit_array  0x08004f6c        0x0
                0x08004f6c                . = ALIGN (0x4)
                0x08004f6c                PROVIDE (__preinit_array_start = .)
 *(.preinit_array*)
                0x08004f6c                PROVIDE (__preinit_array_end = .)
                0x08004f6c                . = ALIGN (0x4)

.init_array     0x08004f6c        0x4
                0x08004f6c                . = ALIGN (0x4)
                0x08004f6c                PROVIDE (__init_array_start = .)
 *(SORT_BY_NAME(.init_array.*))
 *(.init_array*)
 .init_array    0x08004f6c        0x4 e:/stm32_toolchain/gcc-arm-none-eabi-10.3-2021.10/bin/../lib/gcc/arm-none-eabi/10.3.1/thumb/v7-m/nofp/crtbegin.o
                0x08004f70                PROVIDE (__init_array_end = .)
                0x08004f70                . = ALIGN (0x4)

.fini_array     0x08004f70        0x4
                0x08004f70                . = ALIGN (0x4)
                [!provide]                PROVIDE (__fini_array_start = .)
 *(SORT_BY_NAME(.fini_array.*))
 *(.fini_array*)
 .fini_array    0x08004f70        0x4 e:/stm32_toolchain/gcc-arm-none-eabi-10.3-2021.10/bin/../lib/gcc/arm-none-eabi/10.3.1/thumb/v7-m/nofp/crtbegin.o
                [!provide]                PROVIDE (__fini_array_end = .)
                0x08004f74                . = ALIGN (0x4)
                0x08004f74                _sidata = LOADADDR (.data)

.data           0x20000000      0x1ec load address 0x08004f74
                0x20000000                . = ALIGN (0x4)
                0x20000000                _sdata = .
 *(.data)
 *(.data*)
 .data.uxCriticalNesting
                0x20000000        0x4 CMakeFiles/vscodeSTM32.elf.dir/freertos/portable/GCC/ARM_CM3/port.c.obj
 .data.uxTopUsedPriority
                0x20000004        0x4 CMakeFiles/vscodeSTM32.elf.dir/freertos/tasks.c.obj
                0x20000004                uxTopUsedPriority
 .data.ADCPrescTable
                0x20000008        0x4 CMakeFiles/vscodeSTM32.elf.dir/fwlib/STM32F10x_StdPeriph_Driver/src/stm32f10x_rcc.c.obj
 .data.APBAHBPrescTable
                0x2000000c       0x10 CMakeFiles/vscodeSTM32.elf.dir/fwlib/STM32F10x_StdPeriph_Driver/src/stm32f10x_rcc.c.obj
 .data._impure_ptr
                0x2000001c        0x4 e:/stm32_toolchain/gcc-arm-none-eabi-10.3-2021.10/bin/../lib/gcc/arm-none-eabi/10.3.1/../../../../arm-none-eabi/lib/thumb/v7-m/nofp\libg_nano.a(lib_a-impure.o)
                0x2000001c                _impure_ptr
 .data.impure_data
                0x20000020       0x60 e:/stm32_toolchain/gcc-arm-none-eabi-10.3-2021.10/bin/../lib/gcc/arm-none-eabi/10.3.1/../../../../arm-none-eabi/lib/thumb/v7-m/nofp\libg_nano.a(lib_a-impure.o)
 .data.__global_locale
                0x20000080      0x16c e:/stm32_toolchain/gcc-arm-none-eabi-10.3-2021.10/bin/../lib/gcc/arm-none-eabi/10.3.1/../../../../arm-none-eabi/lib/thumb/v7-m/nofp\libg_nano.a(lib_a-locale.o)
                0x20000080                __global_locale
 *(.RamFunc)
 *(.RamFunc*)
                0x200001ec                . = ALIGN (0x4)
                0x200001ec                _edata = .

.igot.plt       0x200001ec        0x0 load address 0x08005160
 .igot.plt      0x200001ec        0x0 e:/stm32_toolchain/gcc-arm-none-eabi-10.3-2021.10/bin/../lib/gcc/arm-none-eabi/10.3.1/thumb/v7-m/nofp/crtbegin.o
                0x200001ec                . = ALIGN (0x4)

.bss            0x200001ec     0x4550 load address 0x08005160
                0x200001ec                _sbss = .
                0x200001ec                __bss_start__ = _sbss
 *(.bss)
 .bss           0x200001ec       0x1c e:/stm32_toolchain/gcc-arm-none-eabi-10.3-2021.10/bin/../lib/gcc/arm-none-eabi/10.3.1/thumb/v7-m/nofp/crtbegin.o
 *(.bss*)
 .bss.pxEnd     0x20000208        0x4 CMakeFiles/vscodeSTM32.elf.dir/freertos/portable/MemMang/heap_4.c.obj
 .bss.ucHeap    0x2000020c     0x4400 CMakeFiles/vscodeSTM32.elf.dir/freertos/portable/MemMang/heap_4.c.obj
 .bss.xFreeBytesRemaining
                0x2000460c        0x4 CMakeFiles/vscodeSTM32.elf.dir/freertos/portable/MemMang/heap_4.c.obj
 .bss.xMinimumEverFreeBytesRemaining
                0x20004610        0x4 CMakeFiles/vscodeSTM32.elf.dir/freertos/portable/MemMang/heap_4.c.obj
 .bss.xNumberOfSuccessfulAllocations
                0x20004614        0x4 CMakeFiles/vscodeSTM32.elf.dir/freertos/portable/MemMang/heap_4.c.obj
 .bss.xNumberOfSuccessfulFrees
                0x20004618        0x4 CMakeFiles/vscodeSTM32.elf.dir/freertos/portable/MemMang/heap_4.c.obj
 .bss.xStart    0x2000461c        0x8 CMakeFiles/vscodeSTM32.elf.dir/freertos/portable/MemMang/heap_4.c.obj
 .bss.pxCurrentTCB
                0x20004624        0x4 CMakeFiles/vscodeSTM32.elf.dir/freertos/tasks.c.obj
                0x20004624                pxCurrentTCB
 .bss.pxDelayedTaskList
                0x20004628        0x4 CMakeFiles/vscodeSTM32.elf.dir/freertos/tasks.c.obj
 .bss.pxOverflowDelayedTaskList
                0x2000462c        0x4 CMakeFiles/vscodeSTM32.elf.dir/freertos/tasks.c.obj
 .bss.pxReadyTasksLists
                0x20004630       0x64 CMakeFiles/vscodeSTM32.elf.dir/freertos/tasks.c.obj
 .bss.uxCurrentNumberOfTasks
                0x20004694        0x4 CMakeFiles/vscodeSTM32.elf.dir/freertos/tasks.c.obj
 .bss.uxDeletedTasksWaitingCleanUp
                0x20004698        0x4 CMakeFiles/vscodeSTM32.elf.dir/freertos/tasks.c.obj
 .bss.uxSchedulerSuspended
                0x2000469c        0x4 CMakeFiles/vscodeSTM32.elf.dir/freertos/tasks.c.obj
 .bss.uxTaskNumber
                0x200046a0        0x4 CMakeFiles/vscodeSTM32.elf.dir/freertos/tasks.c.obj
 .bss.uxTopReadyPriority
                0x200046a4        0x4 CMakeFiles/vscodeSTM32.elf.dir/freertos/tasks.c.obj
 .bss.xDelayedTaskList1
                0x200046a8       0x14 CMakeFiles/vscodeSTM32.elf.dir/freertos/tasks.c.obj
 .bss.xDelayedTaskList2
                0x200046bc       0x14 CMakeFiles/vscodeSTM32.elf.dir/freertos/tasks.c.obj
 .bss.xIdleTaskHandle
                0x200046d0        0x4 CMakeFiles/vscodeSTM32.elf.dir/freertos/tasks.c.obj
 .bss.xNextTaskUnblockTime
                0x200046d4        0x4 CMakeFiles/vscodeSTM32.elf.dir/freertos/tasks.c.obj
 .bss.xNumOfOverflows
                0x200046d8        0x4 CMakeFiles/vscodeSTM32.elf.dir/freertos/tasks.c.obj
 .bss.xPendedTicks
                0x200046dc        0x4 CMakeFiles/vscodeSTM32.elf.dir/freertos/tasks.c.obj
 .bss.xPendingReadyList
                0x200046e0       0x14 CMakeFiles/vscodeSTM32.elf.dir/freertos/tasks.c.obj
 .bss.xSchedulerRunning
                0x200046f4        0x4 CMakeFiles/vscodeSTM32.elf.dir/freertos/tasks.c.obj
 .bss.xSuspendedTaskList
                0x200046f8       0x14 CMakeFiles/vscodeSTM32.elf.dir/freertos/tasks.c.obj
 .bss.xTasksWaitingTermination
                0x2000470c       0x14 CMakeFiles/vscodeSTM32.elf.dir/freertos/tasks.c.obj
 .bss.xTickCount
                0x20004720        0x4 CMakeFiles/vscodeSTM32.elf.dir/freertos/tasks.c.obj
 .bss.xYieldPending
                0x20004724        0x4 CMakeFiles/vscodeSTM32.elf.dir/freertos/tasks.c.obj
 .bss.__lock___malloc_recursive_mutex
                0x20004728        0x1 e:/stm32_toolchain/gcc-arm-none-eabi-10.3-2021.10/bin/../lib/gcc/arm-none-eabi/10.3.1/../../../../arm-none-eabi/lib/thumb/v7-m/nofp\libg_nano.a(lib_a-lock.o)
                0x20004728                __lock___malloc_recursive_mutex
 .bss.__lock___sfp_recursive_mutex
                0x20004729        0x1 e:/stm32_toolchain/gcc-arm-none-eabi-10.3-2021.10/bin/../lib/gcc/arm-none-eabi/10.3.1/../../../../arm-none-eabi/lib/thumb/v7-m/nofp\libg_nano.a(lib_a-lock.o)
                0x20004729                __lock___sfp_recursive_mutex
 .bss.__lock___sinit_recursive_mutex
                0x2000472a        0x1 e:/stm32_toolchain/gcc-arm-none-eabi-10.3-2021.10/bin/../lib/gcc/arm-none-eabi/10.3.1/../../../../arm-none-eabi/lib/thumb/v7-m/nofp\libg_nano.a(lib_a-lock.o)
                0x2000472a                __lock___sinit_recursive_mutex
 *fill*         0x2000472b        0x1 
 .bss.__malloc_free_list
                0x2000472c        0x4 e:/stm32_toolchain/gcc-arm-none-eabi-10.3-2021.10/bin/../lib/gcc/arm-none-eabi/10.3.1/../../../../arm-none-eabi/lib/thumb/v7-m/nofp\libg_nano.a(lib_a-nano-mallocr.o)
                0x2000472c                __malloc_free_list
 .bss.__malloc_sbrk_start
                0x20004730        0x4 e:/stm32_toolchain/gcc-arm-none-eabi-10.3-2021.10/bin/../lib/gcc/arm-none-eabi/10.3.1/../../../../arm-none-eabi/lib/thumb/v7-m/nofp\libg_nano.a(lib_a-nano-mallocr.o)
                0x20004730                __malloc_sbrk_start
 .bss.errno     0x20004734        0x4 e:/stm32_toolchain/gcc-arm-none-eabi-10.3-2021.10/bin/../lib/gcc/arm-none-eabi/10.3.1/../../../../arm-none-eabi/lib/thumb/v7-m/nofp\libg_nano.a(lib_a-reent.o)
                0x20004734                errno
 .bss.heap_end.0
                0x20004738        0x4 e:/stm32_toolchain/gcc-arm-none-eabi-10.3-2021.10/bin/../lib/gcc/arm-none-eabi/10.3.1/../../../../arm-none-eabi/lib/thumb/v7-m/nofp\libnosys.a(sbrk.o)
 *(COMMON)
                0x2000473c                . = ALIGN (0x4)
                0x2000473c                _ebss = .
                0x2000473c                __bss_end__ = _ebss

._user_heap_stack
                0x2000473c      0x604 load address 0x08005160
                0x20004740                . = ALIGN (0x8)
 *fill*         0x2000473c        0x4 
                0x20004740                PROVIDE (end = .)
                [!provide]                PROVIDE (_end = .)
                0x20004940                . = (. + _Min_Heap_Size)
 *fill*         0x20004740      0x200 
                0x20004d40                . = (. + _Min_Stack_Size)
 *fill*         0x20004940      0x400 
                0x20004d40                . = ALIGN (0x8)

/DISCARD/
 libc.a(*)
 libm.a(*)
 libgcc.a(*)

.ARM.attributes
                0x00000000       0x29
 *(.ARM.attributes)
 .ARM.attributes
                0x00000000       0x1d e:/stm32_toolchain/gcc-arm-none-eabi-10.3-2021.10/bin/../lib/gcc/arm-none-eabi/10.3.1/thumb/v7-m/nofp/crti.o
 .ARM.attributes
                0x0000001d       0x2d e:/stm32_toolchain/gcc-arm-none-eabi-10.3-2021.10/bin/../lib/gcc/arm-none-eabi/10.3.1/thumb/v7-m/nofp/crtbegin.o
 .ARM.attributes
                0x0000004a       0x2d CMakeFiles/vscodeSTM32.elf.dir/freertos/list.c.obj
 .ARM.attributes
                0x00000077       0x2d CMakeFiles/vscodeSTM32.elf.dir/freertos/portable/GCC/ARM_CM3/port.c.obj
 .ARM.attributes
                0x000000a4       0x2d CMakeFiles/vscodeSTM32.elf.dir/freertos/portable/MemMang/heap_4.c.obj
 .ARM.attributes
                0x000000d1       0x2d CMakeFiles/vscodeSTM32.elf.dir/freertos/tasks.c.obj
 .ARM.attributes
                0x000000fe       0x2d CMakeFiles/vscodeSTM32.elf.dir/fwlib/CMSIS/system_stm32f10x.c.obj
 .ARM.attributes
                0x0000012b       0x2d CMakeFiles/vscodeSTM32.elf.dir/fwlib/STM32F10x_StdPeriph_Driver/src/misc.c.obj
 .ARM.attributes
                0x00000158       0x2d CMakeFiles/vscodeSTM32.elf.dir/fwlib/STM32F10x_StdPeriph_Driver/src/stm32f10x_gpio.c.obj
 .ARM.attributes
                0x00000185       0x2d CMakeFiles/vscodeSTM32.elf.dir/fwlib/STM32F10x_StdPeriph_Driver/src/stm32f10x_rcc.c.obj
 .ARM.attributes
                0x000001b2       0x2d CMakeFiles/vscodeSTM32.elf.dir/fwlib/STM32F10x_StdPeriph_Driver/src/stm32f10x_usart.c.obj
 .ARM.attributes
                0x000001df       0x21 CMakeFiles/vscodeSTM32.elf.dir/startup/startup_stm32f103zetx.s.obj
 .ARM.attributes
                0x00000200       0x2d CMakeFiles/vscodeSTM32.elf.dir/user/bsp_usart.c.obj
 .ARM.attributes
                0x0000022d       0x2d CMakeFiles/vscodeSTM32.elf.dir/user/main.c.obj
 .ARM.attributes
                0x0000025a       0x2d CMakeFiles/vscodeSTM32.elf.dir/user/stm32f10x_it.c.obj
 .ARM.attributes
                0x00000287       0x2d e:/stm32_toolchain/gcc-arm-none-eabi-10.3-2021.10/bin/../lib/gcc/arm-none-eabi/10.3.1/../../../../arm-none-eabi/lib/thumb/v7-m/nofp\libg_nano.a(lib_a-impure.o)
 .ARM.attributes
                0x000002b4       0x2d e:/stm32_toolchain/gcc-arm-none-eabi-10.3-2021.10/bin/../lib/gcc/arm-none-eabi/10.3.1/../../../../arm-none-eabi/lib/thumb/v7-m/nofp\libg_nano.a(lib_a-init.o)
 .ARM.attributes
                0x000002e1       0x2d e:/stm32_toolchain/gcc-arm-none-eabi-10.3-2021.10/bin/../lib/gcc/arm-none-eabi/10.3.1/../../../../arm-none-eabi/lib/thumb/v7-m/nofp\libg_nano.a(lib_a-memcpy-stub.o)
 .ARM.attributes
                0x0000030e       0x2d e:/stm32_toolchain/gcc-arm-none-eabi-10.3-2021.10/bin/../lib/gcc/arm-none-eabi/10.3.1/../../../../arm-none-eabi/lib/thumb/v7-m/nofp\libg_nano.a(lib_a-memset.o)
 .ARM.attributes
                0x0000033b       0x2d e:/stm32_toolchain/gcc-arm-none-eabi-10.3-2021.10/bin/../lib/gcc/arm-none-eabi/10.3.1/../../../../arm-none-eabi/lib/thumb/v7-m/nofp\libg_nano.a(lib_a-nano-vfprintf_float.o)
 .ARM.attributes
                0x00000368       0x2d e:/stm32_toolchain/gcc-arm-none-eabi-10.3-2021.10/bin/../lib/gcc/arm-none-eabi/10.3.1/../../../../arm-none-eabi/lib/thumb/v7-m/nofp\libg_nano.a(lib_a-nano-vfprintf_i.o)
 .ARM.attributes
                0x00000395       0x2d e:/stm32_toolchain/gcc-arm-none-eabi-10.3-2021.10/bin/../lib/gcc/arm-none-eabi/10.3.1/../../../../arm-none-eabi/lib/thumb/v7-m/nofp\libg_nano.a(lib_a-puts.o)
 .ARM.attributes
                0x000003c2       0x17 e:/stm32_toolchain/gcc-arm-none-eabi-10.3-2021.10/bin/../lib/gcc/arm-none-eabi/10.3.1/../../../../arm-none-eabi/lib/thumb/v7-m/nofp\libg_nano.a(lib_a-strlen.o)
 .ARM.attributes
                0x000003d9       0x2d e:/stm32_toolchain/gcc-arm-none-eabi-10.3-2021.10/bin/../lib/gcc/arm-none-eabi/10.3.1/../../../../arm-none-eabi/lib/thumb/v7-m/nofp\libg_nano.a(lib_a-wbuf.o)
 .ARM.attributes
                0x00000406       0x2d e:/stm32_toolchain/gcc-arm-none-eabi-10.3-2021.10/bin/../lib/gcc/arm-none-eabi/10.3.1/../../../../arm-none-eabi/lib/thumb/v7-m/nofp\libg_nano.a(lib_a-wsetup.o)
 .ARM.attributes
                0x00000433       0x2d e:/stm32_toolchain/gcc-arm-none-eabi-10.3-2021.10/bin/../lib/gcc/arm-none-eabi/10.3.1/../../../../arm-none-eabi/lib/thumb/v7-m/nofp\libg_nano.a(lib_a-dtoa.o)
 .ARM.attributes
                0x00000460       0x2d e:/stm32_toolchain/gcc-arm-none-eabi-10.3-2021.10/bin/../lib/gcc/arm-none-eabi/10.3.1/../../../../arm-none-eabi/lib/thumb/v7-m/nofp\libg_nano.a(lib_a-fflush.o)
 .ARM.attributes
                0x0000048d       0x2d e:/stm32_toolchain/gcc-arm-none-eabi-10.3-2021.10/bin/../lib/gcc/arm-none-eabi/10.3.1/../../../../arm-none-eabi/lib/thumb/v7-m/nofp\libg_nano.a(lib_a-findfp.o)
 .ARM.attributes
                0x000004ba       0x2d e:/stm32_toolchain/gcc-arm-none-eabi-10.3-2021.10/bin/../lib/gcc/arm-none-eabi/10.3.1/../../../../arm-none-eabi/lib/thumb/v7-m/nofp\libg_nano.a(lib_a-fwalk.o)
 .ARM.attributes
                0x000004e7       0x2d e:/stm32_toolchain/gcc-arm-none-eabi-10.3-2021.10/bin/../lib/gcc/arm-none-eabi/10.3.1/../../../../arm-none-eabi/lib/thumb/v7-m/nofp\libg_nano.a(lib_a-localeconv.o)
 .ARM.attributes
                0x00000514       0x2d e:/stm32_toolchain/gcc-arm-none-eabi-10.3-2021.10/bin/../lib/gcc/arm-none-eabi/10.3.1/../../../../arm-none-eabi/lib/thumb/v7-m/nofp\libg_nano.a(lib_a-lock.o)
 .ARM.attributes
                0x00000541       0x2d e:/stm32_toolchain/gcc-arm-none-eabi-10.3-2021.10/bin/../lib/gcc/arm-none-eabi/10.3.1/../../../../arm-none-eabi/lib/thumb/v7-m/nofp\libg_nano.a(lib_a-makebuf.o)
 .ARM.attributes
                0x0000056e       0x2d e:/stm32_toolchain/gcc-arm-none-eabi-10.3-2021.10/bin/../lib/gcc/arm-none-eabi/10.3.1/../../../../arm-none-eabi/lib/thumb/v7-m/nofp\libg_nano.a(lib_a-malloc.o)
 .ARM.attributes
                0x0000059b       0x2d e:/stm32_toolchain/gcc-arm-none-eabi-10.3-2021.10/bin/../lib/gcc/arm-none-eabi/10.3.1/../../../../arm-none-eabi/lib/thumb/v7-m/nofp\libg_nano.a(lib_a-memchr-stub.o)
 .ARM.attributes
                0x000005c8       0x2d e:/stm32_toolchain/gcc-arm-none-eabi-10.3-2021.10/bin/../lib/gcc/arm-none-eabi/10.3.1/../../../../arm-none-eabi/lib/thumb/v7-m/nofp\libg_nano.a(lib_a-mprec.o)
 .ARM.attributes
                0x000005f5       0x2d e:/stm32_toolchain/gcc-arm-none-eabi-10.3-2021.10/bin/../lib/gcc/arm-none-eabi/10.3.1/../../../../arm-none-eabi/lib/thumb/v7-m/nofp\libg_nano.a(lib_a-nano-callocr.o)
 .ARM.attributes
                0x00000622       0x2d e:/stm32_toolchain/gcc-arm-none-eabi-10.3-2021.10/bin/../lib/gcc/arm-none-eabi/10.3.1/../../../../arm-none-eabi/lib/thumb/v7-m/nofp\libg_nano.a(lib_a-nano-freer.o)
 .ARM.attributes
                0x0000064f       0x2d e:/stm32_toolchain/gcc-arm-none-eabi-10.3-2021.10/bin/../lib/gcc/arm-none-eabi/10.3.1/../../../../arm-none-eabi/lib/thumb/v7-m/nofp\libg_nano.a(lib_a-nano-mallocr.o)
 .ARM.attributes
                0x0000067c       0x2d e:/stm32_toolchain/gcc-arm-none-eabi-10.3-2021.10/bin/../lib/gcc/arm-none-eabi/10.3.1/../../../../arm-none-eabi/lib/thumb/v7-m/nofp\libg_nano.a(lib_a-sbrkr.o)
 .ARM.attributes
                0x000006a9       0x2d e:/stm32_toolchain/gcc-arm-none-eabi-10.3-2021.10/bin/../lib/gcc/arm-none-eabi/10.3.1/../../../../arm-none-eabi/lib/thumb/v7-m/nofp\libg_nano.a(lib_a-stdio.o)
 .ARM.attributes
                0x000006d6       0x2d e:/stm32_toolchain/gcc-arm-none-eabi-10.3-2021.10/bin/../lib/gcc/arm-none-eabi/10.3.1/../../../../arm-none-eabi/lib/thumb/v7-m/nofp\libg_nano.a(lib_a-writer.o)
 .ARM.attributes
                0x00000703       0x2d e:/stm32_toolchain/gcc-arm-none-eabi-10.3-2021.10/bin/../lib/gcc/arm-none-eabi/10.3.1/../../../../arm-none-eabi/lib/thumb/v7-m/nofp\libg_nano.a(lib_a-assert.o)
 .ARM.attributes
                0x00000730       0x2d e:/stm32_toolchain/gcc-arm-none-eabi-10.3-2021.10/bin/../lib/gcc/arm-none-eabi/10.3.1/../../../../arm-none-eabi/lib/thumb/v7-m/nofp\libg_nano.a(lib_a-closer.o)
 .ARM.attributes
                0x0000075d       0x2d e:/stm32_toolchain/gcc-arm-none-eabi-10.3-2021.10/bin/../lib/gcc/arm-none-eabi/10.3.1/../../../../arm-none-eabi/lib/thumb/v7-m/nofp\libg_nano.a(lib_a-fprintf.o)
 .ARM.attributes
                0x0000078a       0x2d e:/stm32_toolchain/gcc-arm-none-eabi-10.3-2021.10/bin/../lib/gcc/arm-none-eabi/10.3.1/../../../../arm-none-eabi/lib/thumb/v7-m/nofp\libg_nano.a(lib_a-fstatr.o)
 .ARM.attributes
                0x000007b7       0x2d e:/stm32_toolchain/gcc-arm-none-eabi-10.3-2021.10/bin/../lib/gcc/arm-none-eabi/10.3.1/../../../../arm-none-eabi/lib/thumb/v7-m/nofp\libg_nano.a(lib_a-isattyr.o)
 .ARM.attributes
                0x000007e4       0x2d e:/stm32_toolchain/gcc-arm-none-eabi-10.3-2021.10/bin/../lib/gcc/arm-none-eabi/10.3.1/../../../../arm-none-eabi/lib/thumb/v7-m/nofp\libg_nano.a(lib_a-locale.o)
 .ARM.attributes
                0x00000811       0x2d e:/stm32_toolchain/gcc-arm-none-eabi-10.3-2021.10/bin/../lib/gcc/arm-none-eabi/10.3.1/../../../../arm-none-eabi/lib/thumb/v7-m/nofp\libg_nano.a(lib_a-lseekr.o)
 .ARM.attributes
                0x0000083e       0x2d e:/stm32_toolchain/gcc-arm-none-eabi-10.3-2021.10/bin/../lib/gcc/arm-none-eabi/10.3.1/../../../../arm-none-eabi/lib/thumb/v7-m/nofp\libg_nano.a(lib_a-mbtowc_r.o)
 .ARM.attributes
                0x0000086b       0x2d e:/stm32_toolchain/gcc-arm-none-eabi-10.3-2021.10/bin/../lib/gcc/arm-none-eabi/10.3.1/../../../../arm-none-eabi/lib/thumb/v7-m/nofp\libg_nano.a(lib_a-mlock.o)
 .ARM.attributes
                0x00000898       0x2d e:/stm32_toolchain/gcc-arm-none-eabi-10.3-2021.10/bin/../lib/gcc/arm-none-eabi/10.3.1/../../../../arm-none-eabi/lib/thumb/v7-m/nofp\libg_nano.a(lib_a-nano-vfprintf.o)
 .ARM.attributes
                0x000008c5       0x2d e:/stm32_toolchain/gcc-arm-none-eabi-10.3-2021.10/bin/../lib/gcc/arm-none-eabi/10.3.1/../../../../arm-none-eabi/lib/thumb/v7-m/nofp\libg_nano.a(lib_a-readr.o)
 .ARM.attributes
                0x000008f2       0x2d e:/stm32_toolchain/gcc-arm-none-eabi-10.3-2021.10/bin/../lib/gcc/arm-none-eabi/10.3.1/../../../../arm-none-eabi/lib/thumb/v7-m/nofp\libg_nano.a(lib_a-reent.o)
 .ARM.attributes
                0x0000091f       0x2d e:/stm32_toolchain/gcc-arm-none-eabi-10.3-2021.10/bin/../lib/gcc/arm-none-eabi/10.3.1/../../../../arm-none-eabi/lib/thumb/v7-m/nofp\libg_nano.a(lib_a-wctomb_r.o)
 .ARM.attributes
                0x0000094c       0x2d e:/stm32_toolchain/gcc-arm-none-eabi-10.3-2021.10/bin/../lib/gcc/arm-none-eabi/10.3.1/../../../../arm-none-eabi/lib/thumb/v7-m/nofp\libg_nano.a(lib_a-abort.o)
 .ARM.attributes
                0x00000979       0x2d e:/stm32_toolchain/gcc-arm-none-eabi-10.3-2021.10/bin/../lib/gcc/arm-none-eabi/10.3.1/../../../../arm-none-eabi/lib/thumb/v7-m/nofp\libg_nano.a(lib_a-ctype_.o)
 .ARM.attributes
                0x000009a6       0x2d e:/stm32_toolchain/gcc-arm-none-eabi-10.3-2021.10/bin/../lib/gcc/arm-none-eabi/10.3.1/../../../../arm-none-eabi/lib/thumb/v7-m/nofp\libg_nano.a(lib_a-signal.o)
 .ARM.attributes
                0x000009d3       0x2d e:/stm32_toolchain/gcc-arm-none-eabi-10.3-2021.10/bin/../lib/gcc/arm-none-eabi/10.3.1/../../../../arm-none-eabi/lib/thumb/v7-m/nofp\libg_nano.a(lib_a-signalr.o)
 .ARM.attributes
                0x00000a00       0x1d e:/stm32_toolchain/gcc-arm-none-eabi-10.3-2021.10/bin/../lib/gcc/arm-none-eabi/10.3.1/thumb/v7-m/nofp\libgcc.a(_arm_addsubdf3.o)
 .ARM.attributes
                0x00000a1d       0x1d e:/stm32_toolchain/gcc-arm-none-eabi-10.3-2021.10/bin/../lib/gcc/arm-none-eabi/10.3.1/thumb/v7-m/nofp\libgcc.a(_arm_muldivdf3.o)
 .ARM.attributes
                0x00000a3a       0x1d e:/stm32_toolchain/gcc-arm-none-eabi-10.3-2021.10/bin/../lib/gcc/arm-none-eabi/10.3.1/thumb/v7-m/nofp\libgcc.a(_arm_cmpdf2.o)
 .ARM.attributes
                0x00000a57       0x1d e:/stm32_toolchain/gcc-arm-none-eabi-10.3-2021.10/bin/../lib/gcc/arm-none-eabi/10.3.1/thumb/v7-m/nofp\libgcc.a(_arm_unorddf2.o)
 .ARM.attributes
                0x00000a74       0x1d e:/stm32_toolchain/gcc-arm-none-eabi-10.3-2021.10/bin/../lib/gcc/arm-none-eabi/10.3.1/thumb/v7-m/nofp\libgcc.a(_arm_fixdfsi.o)
 .ARM.attributes
                0x00000a91       0x2d e:/stm32_toolchain/gcc-arm-none-eabi-10.3-2021.10/bin/../lib/gcc/arm-none-eabi/10.3.1/../../../../arm-none-eabi/lib/thumb/v7-m/nofp\libnosys.a(close.o)
 .ARM.attributes
                0x00000abe       0x2d e:/stm32_toolchain/gcc-arm-none-eabi-10.3-2021.10/bin/../lib/gcc/arm-none-eabi/10.3.1/../../../../arm-none-eabi/lib/thumb/v7-m/nofp\libnosys.a(fstat.o)
 .ARM.attributes
                0x00000aeb       0x2d e:/stm32_toolchain/gcc-arm-none-eabi-10.3-2021.10/bin/../lib/gcc/arm-none-eabi/10.3.1/../../../../arm-none-eabi/lib/thumb/v7-m/nofp\libnosys.a(getpid.o)
 .ARM.attributes
                0x00000b18       0x2d e:/stm32_toolchain/gcc-arm-none-eabi-10.3-2021.10/bin/../lib/gcc/arm-none-eabi/10.3.1/../../../../arm-none-eabi/lib/thumb/v7-m/nofp\libnosys.a(isatty.o)
 .ARM.attributes
                0x00000b45       0x2d e:/stm32_toolchain/gcc-arm-none-eabi-10.3-2021.10/bin/../lib/gcc/arm-none-eabi/10.3.1/../../../../arm-none-eabi/lib/thumb/v7-m/nofp\libnosys.a(kill.o)
 .ARM.attributes
                0x00000b72       0x2d e:/stm32_toolchain/gcc-arm-none-eabi-10.3-2021.10/bin/../lib/gcc/arm-none-eabi/10.3.1/../../../../arm-none-eabi/lib/thumb/v7-m/nofp\libnosys.a(lseek.o)
 .ARM.attributes
                0x00000b9f       0x2d e:/stm32_toolchain/gcc-arm-none-eabi-10.3-2021.10/bin/../lib/gcc/arm-none-eabi/10.3.1/../../../../arm-none-eabi/lib/thumb/v7-m/nofp\libnosys.a(read.o)
 .ARM.attributes
                0x00000bcc       0x2d e:/stm32_toolchain/gcc-arm-none-eabi-10.3-2021.10/bin/../lib/gcc/arm-none-eabi/10.3.1/../../../../arm-none-eabi/lib/thumb/v7-m/nofp\libnosys.a(sbrk.o)
 .ARM.attributes
                0x00000bf9       0x2d e:/stm32_toolchain/gcc-arm-none-eabi-10.3-2021.10/bin/../lib/gcc/arm-none-eabi/10.3.1/../../../../arm-none-eabi/lib/thumb/v7-m/nofp\libnosys.a(_exit.o)
 .ARM.attributes
                0x00000c26       0x1d e:/stm32_toolchain/gcc-arm-none-eabi-10.3-2021.10/bin/../lib/gcc/arm-none-eabi/10.3.1/thumb/v7-m/nofp/crtn.o
OUTPUT(vscodeSTM32.elf elf32-littlearm)
LOAD linker stubs
LOAD e:/stm32_toolchain/gcc-arm-none-eabi-10.3-2021.10/bin/../lib/gcc/arm-none-eabi/10.3.1/../../../../arm-none-eabi/lib/thumb/v7-m/nofp\libc.a
LOAD e:/stm32_toolchain/gcc-arm-none-eabi-10.3-2021.10/bin/../lib/gcc/arm-none-eabi/10.3.1/../../../../arm-none-eabi/lib/thumb/v7-m/nofp\libm.a
LOAD e:/stm32_toolchain/gcc-arm-none-eabi-10.3-2021.10/bin/../lib/gcc/arm-none-eabi/10.3.1/thumb/v7-m/nofp\libgcc.a

.debug_info     0x00000000     0x6b2f
 .debug_info    0x00000000      0x2e0 CMakeFiles/vscodeSTM32.elf.dir/freertos/list.c.obj
 .debug_info    0x000002e0      0x354 CMakeFiles/vscodeSTM32.elf.dir/freertos/portable/GCC/ARM_CM3/port.c.obj
 .debug_info    0x00000634      0x5d2 CMakeFiles/vscodeSTM32.elf.dir/freertos/portable/MemMang/heap_4.c.obj
 .debug_info    0x00000c06     0x2504 CMakeFiles/vscodeSTM32.elf.dir/freertos/tasks.c.obj
 .debug_info    0x0000310a      0x49c CMakeFiles/vscodeSTM32.elf.dir/fwlib/CMSIS/system_stm32f10x.c.obj
 .debug_info    0x000035a6      0x52c CMakeFiles/vscodeSTM32.elf.dir/fwlib/STM32F10x_StdPeriph_Driver/src/misc.c.obj
 .debug_info    0x00003ad2      0x91e CMakeFiles/vscodeSTM32.elf.dir/fwlib/STM32F10x_StdPeriph_Driver/src/stm32f10x_gpio.c.obj
 .debug_info    0x000043f0      0x97f CMakeFiles/vscodeSTM32.elf.dir/fwlib/STM32F10x_StdPeriph_Driver/src/stm32f10x_rcc.c.obj
 .debug_info    0x00004d6f      0xc08 CMakeFiles/vscodeSTM32.elf.dir/fwlib/STM32F10x_StdPeriph_Driver/src/stm32f10x_usart.c.obj
 .debug_info    0x00005977       0x22 CMakeFiles/vscodeSTM32.elf.dir/startup/startup_stm32f103zetx.s.obj
 .debug_info    0x00005999      0x9ed CMakeFiles/vscodeSTM32.elf.dir/user/bsp_usart.c.obj
 .debug_info    0x00006386      0x6d1 CMakeFiles/vscodeSTM32.elf.dir/user/main.c.obj
 .debug_info    0x00006a57       0xd8 CMakeFiles/vscodeSTM32.elf.dir/user/stm32f10x_it.c.obj

.debug_abbrev   0x00000000     0x15ec
 .debug_abbrev  0x00000000      0x106 CMakeFiles/vscodeSTM32.elf.dir/freertos/list.c.obj
 .debug_abbrev  0x00000106      0x1fa CMakeFiles/vscodeSTM32.elf.dir/freertos/portable/GCC/ARM_CM3/port.c.obj
 .debug_abbrev  0x00000300      0x22c CMakeFiles/vscodeSTM32.elf.dir/freertos/portable/MemMang/heap_4.c.obj
 .debug_abbrev  0x0000052c      0x334 CMakeFiles/vscodeSTM32.elf.dir/freertos/tasks.c.obj
 .debug_abbrev  0x00000860      0x1b8 CMakeFiles/vscodeSTM32.elf.dir/fwlib/CMSIS/system_stm32f10x.c.obj
 .debug_abbrev  0x00000a18      0x198 CMakeFiles/vscodeSTM32.elf.dir/fwlib/STM32F10x_StdPeriph_Driver/src/misc.c.obj
 .debug_abbrev  0x00000bb0      0x220 CMakeFiles/vscodeSTM32.elf.dir/fwlib/STM32F10x_StdPeriph_Driver/src/stm32f10x_gpio.c.obj
 .debug_abbrev  0x00000dd0      0x204 CMakeFiles/vscodeSTM32.elf.dir/fwlib/STM32F10x_StdPeriph_Driver/src/stm32f10x_rcc.c.obj
 .debug_abbrev  0x00000fd4      0x1dc CMakeFiles/vscodeSTM32.elf.dir/fwlib/STM32F10x_StdPeriph_Driver/src/stm32f10x_usart.c.obj
 .debug_abbrev  0x000011b0       0x12 CMakeFiles/vscodeSTM32.elf.dir/startup/startup_stm32f103zetx.s.obj
 .debug_abbrev  0x000011c2      0x210 CMakeFiles/vscodeSTM32.elf.dir/user/bsp_usart.c.obj
 .debug_abbrev  0x000013d2      0x1d6 CMakeFiles/vscodeSTM32.elf.dir/user/main.c.obj
 .debug_abbrev  0x000015a8       0x44 CMakeFiles/vscodeSTM32.elf.dir/user/stm32f10x_it.c.obj

.debug_loc      0x00000000     0x40d3
 .debug_loc     0x00000000       0xad CMakeFiles/vscodeSTM32.elf.dir/freertos/list.c.obj
 .debug_loc     0x000000ad       0xbe CMakeFiles/vscodeSTM32.elf.dir/freertos/portable/GCC/ARM_CM3/port.c.obj
 .debug_loc     0x0000016b      0x49c CMakeFiles/vscodeSTM32.elf.dir/freertos/portable/MemMang/heap_4.c.obj
 .debug_loc     0x00000607     0x2101 CMakeFiles/vscodeSTM32.elf.dir/freertos/tasks.c.obj
 .debug_loc     0x00002708       0xff CMakeFiles/vscodeSTM32.elf.dir/fwlib/CMSIS/system_stm32f10x.c.obj
 .debug_loc     0x00002807      0x16b CMakeFiles/vscodeSTM32.elf.dir/fwlib/STM32F10x_StdPeriph_Driver/src/misc.c.obj
 .debug_loc     0x00002972      0x62c CMakeFiles/vscodeSTM32.elf.dir/fwlib/STM32F10x_StdPeriph_Driver/src/stm32f10x_gpio.c.obj
 .debug_loc     0x00002f9e      0x654 CMakeFiles/vscodeSTM32.elf.dir/fwlib/STM32F10x_StdPeriph_Driver/src/stm32f10x_rcc.c.obj
 .debug_loc     0x000035f2      0x80c CMakeFiles/vscodeSTM32.elf.dir/fwlib/STM32F10x_StdPeriph_Driver/src/stm32f10x_usart.c.obj
 .debug_loc     0x00003dfe      0x28b CMakeFiles/vscodeSTM32.elf.dir/user/bsp_usart.c.obj
 .debug_loc     0x00004089       0x4a CMakeFiles/vscodeSTM32.elf.dir/user/main.c.obj

.debug_aranges  0x00000000      0x6f8
 .debug_aranges
                0x00000000       0x40 CMakeFiles/vscodeSTM32.elf.dir/freertos/list.c.obj
 .debug_aranges
                0x00000040       0x70 CMakeFiles/vscodeSTM32.elf.dir/freertos/portable/GCC/ARM_CM3/port.c.obj
 .debug_aranges
                0x000000b0       0x60 CMakeFiles/vscodeSTM32.elf.dir/freertos/portable/MemMang/heap_4.c.obj
 .debug_aranges
                0x00000110      0x1b0 CMakeFiles/vscodeSTM32.elf.dir/freertos/tasks.c.obj
 .debug_aranges
                0x000002c0       0x38 CMakeFiles/vscodeSTM32.elf.dir/fwlib/CMSIS/system_stm32f10x.c.obj
 .debug_aranges
                0x000002f8       0x40 CMakeFiles/vscodeSTM32.elf.dir/fwlib/STM32F10x_StdPeriph_Driver/src/misc.c.obj
 .debug_aranges
                0x00000338       0xa8 CMakeFiles/vscodeSTM32.elf.dir/fwlib/STM32F10x_StdPeriph_Driver/src/stm32f10x_gpio.c.obj
 .debug_aranges
                0x000003e0      0x118 CMakeFiles/vscodeSTM32.elf.dir/fwlib/STM32F10x_StdPeriph_Driver/src/stm32f10x_rcc.c.obj
 .debug_aranges
                0x000004f8      0x100 CMakeFiles/vscodeSTM32.elf.dir/fwlib/STM32F10x_StdPeriph_Driver/src/stm32f10x_usart.c.obj
 .debug_aranges
                0x000005f8       0x28 CMakeFiles/vscodeSTM32.elf.dir/startup/startup_stm32f103zetx.s.obj
 .debug_aranges
                0x00000620       0x50 CMakeFiles/vscodeSTM32.elf.dir/user/bsp_usart.c.obj
 .debug_aranges
                0x00000670       0x40 CMakeFiles/vscodeSTM32.elf.dir/user/main.c.obj
 .debug_aranges
                0x000006b0       0x48 CMakeFiles/vscodeSTM32.elf.dir/user/stm32f10x_it.c.obj

.debug_ranges   0x00000000      0x818
 .debug_ranges  0x00000000       0x30 CMakeFiles/vscodeSTM32.elf.dir/freertos/list.c.obj
 .debug_ranges  0x00000030       0x60 CMakeFiles/vscodeSTM32.elf.dir/freertos/portable/GCC/ARM_CM3/port.c.obj
 .debug_ranges  0x00000090       0x50 CMakeFiles/vscodeSTM32.elf.dir/freertos/portable/MemMang/heap_4.c.obj
 .debug_ranges  0x000000e0      0x388 CMakeFiles/vscodeSTM32.elf.dir/freertos/tasks.c.obj
 .debug_ranges  0x00000468       0x28 CMakeFiles/vscodeSTM32.elf.dir/fwlib/CMSIS/system_stm32f10x.c.obj
 .debug_ranges  0x00000490       0x30 CMakeFiles/vscodeSTM32.elf.dir/fwlib/STM32F10x_StdPeriph_Driver/src/misc.c.obj
 .debug_ranges  0x000004c0       0x98 CMakeFiles/vscodeSTM32.elf.dir/fwlib/STM32F10x_StdPeriph_Driver/src/stm32f10x_gpio.c.obj
 .debug_ranges  0x00000558      0x108 CMakeFiles/vscodeSTM32.elf.dir/fwlib/STM32F10x_StdPeriph_Driver/src/stm32f10x_rcc.c.obj
 .debug_ranges  0x00000660       0xf0 CMakeFiles/vscodeSTM32.elf.dir/fwlib/STM32F10x_StdPeriph_Driver/src/stm32f10x_usart.c.obj
 .debug_ranges  0x00000750       0x20 CMakeFiles/vscodeSTM32.elf.dir/startup/startup_stm32f103zetx.s.obj
 .debug_ranges  0x00000770       0x40 CMakeFiles/vscodeSTM32.elf.dir/user/bsp_usart.c.obj
 .debug_ranges  0x000007b0       0x30 CMakeFiles/vscodeSTM32.elf.dir/user/main.c.obj
 .debug_ranges  0x000007e0       0x38 CMakeFiles/vscodeSTM32.elf.dir/user/stm32f10x_it.c.obj

.debug_line     0x00000000     0x5633
 .debug_line    0x00000000      0x359 CMakeFiles/vscodeSTM32.elf.dir/freertos/list.c.obj
 .debug_line    0x00000359      0x3a9 CMakeFiles/vscodeSTM32.elf.dir/freertos/portable/GCC/ARM_CM3/port.c.obj
 .debug_line    0x00000702      0x6ca CMakeFiles/vscodeSTM32.elf.dir/freertos/portable/MemMang/heap_4.c.obj
 .debug_line    0x00000dcc     0x1fb9 CMakeFiles/vscodeSTM32.elf.dir/freertos/tasks.c.obj
 .debug_line    0x00002d85      0x3bd CMakeFiles/vscodeSTM32.elf.dir/fwlib/CMSIS/system_stm32f10x.c.obj
 .debug_line    0x00003142      0x2f0 CMakeFiles/vscodeSTM32.elf.dir/fwlib/STM32F10x_StdPeriph_Driver/src/misc.c.obj
 .debug_line    0x00003432      0x70e CMakeFiles/vscodeSTM32.elf.dir/fwlib/STM32F10x_StdPeriph_Driver/src/stm32f10x_gpio.c.obj
 .debug_line    0x00003b40      0x8bc CMakeFiles/vscodeSTM32.elf.dir/fwlib/STM32F10x_StdPeriph_Driver/src/stm32f10x_rcc.c.obj
 .debug_line    0x000043fc      0x8e5 CMakeFiles/vscodeSTM32.elf.dir/fwlib/STM32F10x_StdPeriph_Driver/src/stm32f10x_usart.c.obj
 .debug_line    0x00004ce1       0x9b CMakeFiles/vscodeSTM32.elf.dir/startup/startup_stm32f103zetx.s.obj
 .debug_line    0x00004d7c      0x41e CMakeFiles/vscodeSTM32.elf.dir/user/bsp_usart.c.obj
 .debug_line    0x0000519a      0x391 CMakeFiles/vscodeSTM32.elf.dir/user/main.c.obj
 .debug_line    0x0000552b      0x108 CMakeFiles/vscodeSTM32.elf.dir/user/stm32f10x_it.c.obj

.debug_str      0x00000000     0x2848
 .debug_str     0x00000000      0x2ad CMakeFiles/vscodeSTM32.elf.dir/freertos/list.c.obj
                                0x2fa (size before relaxing)
 .debug_str     0x000002ad      0x1c7 CMakeFiles/vscodeSTM32.elf.dir/freertos/portable/GCC/ARM_CM3/port.c.obj
                                0x378 (size before relaxing)
 .debug_str     0x00000474      0x334 CMakeFiles/vscodeSTM32.elf.dir/freertos/portable/MemMang/heap_4.c.obj
                                0x51e (size before relaxing)
 .debug_str     0x000007a8      0xb34 CMakeFiles/vscodeSTM32.elf.dir/freertos/tasks.c.obj
                                0xf65 (size before relaxing)
 .debug_str     0x000012dc      0x164 CMakeFiles/vscodeSTM32.elf.dir/fwlib/CMSIS/system_stm32f10x.c.obj
                                0x321 (size before relaxing)
 .debug_str     0x00001440      0x234 CMakeFiles/vscodeSTM32.elf.dir/fwlib/STM32F10x_StdPeriph_Driver/src/misc.c.obj
                                0x412 (size before relaxing)
 .debug_str     0x00001674      0x3b4 CMakeFiles/vscodeSTM32.elf.dir/fwlib/STM32F10x_StdPeriph_Driver/src/stm32f10x_gpio.c.obj
                                0x58a (size before relaxing)
 .debug_str     0x00001a28      0x3e1 CMakeFiles/vscodeSTM32.elf.dir/fwlib/STM32F10x_StdPeriph_Driver/src/stm32f10x_rcc.c.obj
                                0x674 (size before relaxing)
 .debug_str     0x00001e09      0x44c CMakeFiles/vscodeSTM32.elf.dir/fwlib/STM32F10x_StdPeriph_Driver/src/stm32f10x_usart.c.obj
                                0x72a (size before relaxing)
 .debug_str     0x00002255       0x4a CMakeFiles/vscodeSTM32.elf.dir/startup/startup_stm32f103zetx.s.obj
                                 0x6c (size before relaxing)
 .debug_str     0x0000229f      0x490 CMakeFiles/vscodeSTM32.elf.dir/user/bsp_usart.c.obj
                                0x954 (size before relaxing)
 .debug_str     0x0000272f       0x84 CMakeFiles/vscodeSTM32.elf.dir/user/main.c.obj
                                0x4f9 (size before relaxing)
 .debug_str     0x000027b3       0x95 CMakeFiles/vscodeSTM32.elf.dir/user/stm32f10x_it.c.obj
                                0x1ff (size before relaxing)

.comment        0x00000000       0x49
 .comment       0x00000000       0x49 CMakeFiles/vscodeSTM32.elf.dir/freertos/list.c.obj
                                 0x4a (size before relaxing)
 .comment       0x00000049       0x4a CMakeFiles/vscodeSTM32.elf.dir/freertos/portable/GCC/ARM_CM3/port.c.obj
 .comment       0x00000049       0x4a CMakeFiles/vscodeSTM32.elf.dir/freertos/portable/MemMang/heap_4.c.obj
 .comment       0x00000049       0x4a CMakeFiles/vscodeSTM32.elf.dir/freertos/tasks.c.obj
 .comment       0x00000049       0x4a CMakeFiles/vscodeSTM32.elf.dir/fwlib/CMSIS/system_stm32f10x.c.obj
 .comment       0x00000049       0x4a CMakeFiles/vscodeSTM32.elf.dir/fwlib/STM32F10x_StdPeriph_Driver/src/misc.c.obj
 .comment       0x00000049       0x4a CMakeFiles/vscodeSTM32.elf.dir/fwlib/STM32F10x_StdPeriph_Driver/src/stm32f10x_gpio.c.obj
 .comment       0x00000049       0x4a CMakeFiles/vscodeSTM32.elf.dir/fwlib/STM32F10x_StdPeriph_Driver/src/stm32f10x_rcc.c.obj
 .comment       0x00000049       0x4a CMakeFiles/vscodeSTM32.elf.dir/fwlib/STM32F10x_StdPeriph_Driver/src/stm32f10x_usart.c.obj
 .comment       0x00000049       0x4a CMakeFiles/vscodeSTM32.elf.dir/user/bsp_usart.c.obj
 .comment       0x00000049       0x4a CMakeFiles/vscodeSTM32.elf.dir/user/main.c.obj
 .comment       0x00000049       0x4a CMakeFiles/vscodeSTM32.elf.dir/user/stm32f10x_it.c.obj

.debug_frame    0x00000000     0x217c
 .debug_frame   0x00000000       0x70 CMakeFiles/vscodeSTM32.elf.dir/freertos/list.c.obj
 .debug_frame   0x00000070       0xd8 CMakeFiles/vscodeSTM32.elf.dir/freertos/portable/GCC/ARM_CM3/port.c.obj
 .debug_frame   0x00000148       0xec CMakeFiles/vscodeSTM32.elf.dir/freertos/portable/MemMang/heap_4.c.obj
 .debug_frame   0x00000234      0x540 CMakeFiles/vscodeSTM32.elf.dir/freertos/tasks.c.obj
 .debug_frame   0x00000774       0x6c CMakeFiles/vscodeSTM32.elf.dir/fwlib/CMSIS/system_stm32f10x.c.obj
 .debug_frame   0x000007e0       0x60 CMakeFiles/vscodeSTM32.elf.dir/fwlib/STM32F10x_StdPeriph_Driver/src/misc.c.obj
 .debug_frame   0x00000840      0x160 CMakeFiles/vscodeSTM32.elf.dir/fwlib/STM32F10x_StdPeriph_Driver/src/stm32f10x_gpio.c.obj
 .debug_frame   0x000009a0      0x228 CMakeFiles/vscodeSTM32.elf.dir/fwlib/STM32F10x_StdPeriph_Driver/src/stm32f10x_rcc.c.obj
 .debug_frame   0x00000bc8      0x204 CMakeFiles/vscodeSTM32.elf.dir/fwlib/STM32F10x_StdPeriph_Driver/src/stm32f10x_usart.c.obj
 .debug_frame   0x00000dcc       0xd8 CMakeFiles/vscodeSTM32.elf.dir/user/bsp_usart.c.obj
 .debug_frame   0x00000ea4       0x94 CMakeFiles/vscodeSTM32.elf.dir/user/main.c.obj
 .debug_frame   0x00000f38       0x70 CMakeFiles/vscodeSTM32.elf.dir/user/stm32f10x_it.c.obj
 .debug_frame   0x00000fa8       0x2c e:/stm32_toolchain/gcc-arm-none-eabi-10.3-2021.10/bin/../lib/gcc/arm-none-eabi/10.3.1/../../../../arm-none-eabi/lib/thumb/v7-m/nofp\libg_nano.a(lib_a-init.o)
 .debug_frame   0x00000fd4       0x28 e:/stm32_toolchain/gcc-arm-none-eabi-10.3-2021.10/bin/../lib/gcc/arm-none-eabi/10.3.1/../../../../arm-none-eabi/lib/thumb/v7-m/nofp\libg_nano.a(lib_a-memcpy-stub.o)
 .debug_frame   0x00000ffc       0x20 e:/stm32_toolchain/gcc-arm-none-eabi-10.3-2021.10/bin/../lib/gcc/arm-none-eabi/10.3.1/../../../../arm-none-eabi/lib/thumb/v7-m/nofp\libg_nano.a(lib_a-memset.o)
 .debug_frame   0x0000101c       0x94 e:/stm32_toolchain/gcc-arm-none-eabi-10.3-2021.10/bin/../lib/gcc/arm-none-eabi/10.3.1/../../../../arm-none-eabi/lib/thumb/v7-m/nofp\libg_nano.a(lib_a-nano-vfprintf_float.o)
 .debug_frame   0x000010b0       0x60 e:/stm32_toolchain/gcc-arm-none-eabi-10.3-2021.10/bin/../lib/gcc/arm-none-eabi/10.3.1/../../../../arm-none-eabi/lib/thumb/v7-m/nofp\libg_nano.a(lib_a-nano-vfprintf_i.o)